Archive member included to satisfy reference by file (symbol)

../libopencm3/lib/libopencm3_stm32l0.a(flash_common_all.o)
                              ../shared/src/core/system.o (flash_prefetch_enable)
../libopencm3/lib/libopencm3_stm32l0.a(gpio_common_f0234.o)
                              src/firmware-bootloader.o (gpio_mode_setup)
../libopencm3/lib/libopencm3_stm32l0.a(pwr_common_v2.o)
                              ../shared/src/core/system.o (pwr_set_vos_scale)
../libopencm3/lib/libopencm3_stm32l0.a(rcc.o)
                              ../shared/src/core/system.o (rcc_osc_on)
../libopencm3/lib/libopencm3_stm32l0.a(rcc_common_all.o)
                              src/firmware-bootloader.o (rcc_periph_clock_enable)
../libopencm3/lib/libopencm3_stm32l0.a(usart_common_all.o)
                              ../shared/src/core/uart.o (usart_set_databits)
../libopencm3/lib/libopencm3_stm32l0.a(usart_common_v2.o)
                              ../libopencm3/lib/libopencm3_stm32l0.a(usart_common_all.o) (usart_send)
../libopencm3/lib/libopencm3_stm32l0.a(vector.o)
                              (reset_handler)
../libopencm3/lib/libopencm3_stm32l0.a(systick.o)
                              ../shared/src/core/system.o (systick_set_frequency)
../libopencm3/lib/libopencm3_stm32l0.a(nvic.o)
                              ../shared/src/core/uart.o (nvic_enable_irq)
../libopencm3/lib/libopencm3_stm32l0.a(assert.o)
                              ../libopencm3/lib/libopencm3_stm32l0.a(rcc.o) (cm3_assert_failed)
/Applications/ArmGNUToolchain/14.3.rel1/arm-none-eabi/bin/../lib/gcc/arm-none-eabi/14.3.1/../../../../arm-none-eabi/lib/thumb/v6-m/nofp/libc.a(libc_a-memset.o)
                              src/transport-layer.o (memset)
/Applications/ArmGNUToolchain/14.3.rel1/arm-none-eabi/bin/../lib/gcc/arm-none-eabi/14.3.1/../../../../arm-none-eabi/lib/thumb/v6-m/nofp/libc.a(libc_a-memcpy-stub.o)
                              src/transport-layer.o (memcpy)
/Applications/ArmGNUToolchain/14.3.rel1/arm-none-eabi/bin/../lib/gcc/arm-none-eabi/14.3.1/thumb/v6-m/nofp/libgcc.a(_thumb1_case_uqi.o)
                              src/firmware-bootloader.o (__gnu_thumb1_case_uqi)
/Applications/ArmGNUToolchain/14.3.rel1/arm-none-eabi/bin/../lib/gcc/arm-none-eabi/14.3.1/thumb/v6-m/nofp/libgcc.a(_udivsi3.o)
                              ../libopencm3/lib/libopencm3_stm32l0.a(usart_common_all.o) (__aeabi_uidiv)
/Applications/ArmGNUToolchain/14.3.rel1/arm-none-eabi/bin/../lib/gcc/arm-none-eabi/14.3.1/thumb/v6-m/nofp/libgcc.a(_dvmd_tls.o)
                              /Applications/ArmGNUToolchain/14.3.rel1/arm-none-eabi/bin/../lib/gcc/arm-none-eabi/14.3.1/thumb/v6-m/nofp/libgcc.a(_udivsi3.o) (__aeabi_idiv0)

Discarded input sections

 .group         0x00000000        0xc src/firmware-bootloader.o
 .group         0x00000000        0xc src/firmware-bootloader.o
 .group         0x00000000        0xc src/firmware-bootloader.o
 .group         0x00000000        0xc src/firmware-bootloader.o
 .group         0x00000000        0xc src/firmware-bootloader.o
 .group         0x00000000        0xc src/firmware-bootloader.o
 .group         0x00000000        0xc src/firmware-bootloader.o
 .group         0x00000000        0xc src/firmware-bootloader.o
 .group         0x00000000        0xc src/firmware-bootloader.o
 .group         0x00000000        0xc src/firmware-bootloader.o
 .group         0x00000000        0xc src/firmware-bootloader.o
 .group         0x00000000        0xc src/firmware-bootloader.o
 .group         0x00000000        0xc src/firmware-bootloader.o
 .group         0x00000000        0xc src/firmware-bootloader.o
 .group         0x00000000        0xc src/firmware-bootloader.o
 .group         0x00000000        0xc src/firmware-bootloader.o
 .group         0x00000000        0xc src/firmware-bootloader.o
 .group         0x00000000        0xc src/firmware-bootloader.o
 .group         0x00000000        0xc src/firmware-bootloader.o
 .group         0x00000000        0xc src/firmware-bootloader.o
 .group         0x00000000        0xc src/firmware-bootloader.o
 .group         0x00000000        0xc src/firmware-bootloader.o
 .group         0x00000000        0xc src/firmware-bootloader.o
 .group         0x00000000        0xc src/firmware-bootloader.o
 .text          0x00000000        0x0 src/firmware-bootloader.o
 .data          0x00000000        0x0 src/firmware-bootloader.o
 .bss           0x00000000        0x0 src/firmware-bootloader.o
 .group         0x00000000        0xc src/transport-layer.o
 .group         0x00000000        0xc src/transport-layer.o
 .group         0x00000000        0xc src/transport-layer.o
 .group         0x00000000        0xc src/transport-layer.o
 .group         0x00000000        0xc src/transport-layer.o
 .group         0x00000000        0xc src/transport-layer.o
 .group         0x00000000        0xc src/transport-layer.o
 .group         0x00000000        0xc src/transport-layer.o
[...]
Memory Configuration

Name             Origin             Length             Attributes
rom              0x08000000         0x00004000         xr
ram              0x20000000         0x00002000         xrw
*default*        0x00000000         0xffffffff

Linker script and memory map

LOAD src/firmware-bootloader.o
LOAD src/transport-layer.o
LOAD src/bl-flash.o
LOAD ../shared/src/core/system.o
LOAD ../shared/src/core/uart.o
LOAD ../shared/src/core/ring-buffer.o
LOAD ../shared/src/core/crc8.o
LOAD ../shared/src/core/timer.o
LOAD ../libopencm3/lib/libopencm3_stm32l0.a
START GROUP
LOAD /Applications/ArmGNUToolchain/14.3.rel1/arm-none-eabi/bin/../lib/gcc/arm-none-eabi/14.3.1/../../../../arm-none-eabi/lib/thumb/v6-m/nofp/libc.a
LOAD /Applications/ArmGNUToolchain/14.3.rel1/arm-none-eabi/bin/../lib/gcc/arm-none-eabi/14.3.1/thumb/v6-m/nofp/libgcc.a
LOAD /Applications/ArmGNUToolchain/14.3.rel1/arm-none-eabi/bin/../lib/gcc/arm-none-eabi/14.3.1/../../../../arm-none-eabi/lib/thumb/v6-m/nofp/libnosys.a
END GROUP
START GROUP
LOAD /Applications/ArmGNUToolchain/14.3.rel1/arm-none-eabi/bin/../lib/gcc/arm-none-eabi/14.3.1/thumb/v6-m/nofp/libgcc.a
LOAD /Applications/ArmGNUToolchain/14.3.rel1/arm-none-eabi/bin/../lib/gcc/arm-none-eabi/14.3.1/../../../../arm-none-eabi/lib/thumb/v6-m/nofp/libg.a
LOAD /Applications/ArmGNUToolchain/14.3.rel1/arm-none-eabi/bin/../lib/gcc/arm-none-eabi/14.3.1/../../../../arm-none-eabi/lib/thumb/v6-m/nofp/libc.a
END GROUP

.text           0x08000000     0x131c
 *(.vectors)
 .vectors       0x08000000       0xc0 ../libopencm3/lib/libopencm3_stm32l0.a(vector.o)
                0x08000000                vector_table
 *(.text*)
 .text.startup.main
                0x080000c0      0x2b4 src/firmware-bootloader.o
                0x080000c0                main
 .text.tl_is_retx_segment
                0x08000374       0x2a src/transport-layer.o
                0x08000374                tl_is_retx_segment
 .text.tl_is_ack_segment
                0x0800039e       0x2a src/transport-layer.o
                0x0800039e                tl_is_ack_segment
 .text.tl_is_single_byte_segment
                0x080003c8       0x2e src/transport-layer.o
                0x080003c8                tl_is_single_byte_segment
 *fill*         0x080003f6        0x2 
 .text.tl_segment_available
                0x080003f8       0x1c src/transport-layer.o
                0x080003f8                tl_segment_available
 .text.tl_write
                0x08000414       0x1c src/transport-layer.o
                0x08000414                tl_write
 .text.tl_read  0x08000430       0x28 src/transport-layer.o
                0x08000430                tl_read
 .text.tl_compute_crc
                0x08000458        0xa src/transport-layer.o
                0x08000458                tl_compute_crc
 .text.tl_create_retx_segment
                0x08000462       0x22 src/transport-layer.o
                0x08000462                tl_create_retx_segment
 .text.tl_create_ack_segment
                0x08000484       0x22 src/transport-layer.o
                0x08000484                tl_create_ack_segment
 *fill*         0x080004a6        0x2 
 .text.TL_Init  0x080004a8       0x18 src/transport-layer.o
                0x080004a8                TL_Init
 .text.tl_create_single_byte_segment
                0x080004c0       0x26 src/transport-layer.o
                0x080004c0                tl_create_single_byte_segment
 *fill*         0x080004e6        0x2 
 .text.TL_Update
                0x080004e8       0xd8 src/transport-layer.o
                0x080004e8                TL_Update
 .text.FLASH_WaitForLastOperation
                0x080005c0      0x11c src/bl-flash.o
                0x080005c0                FLASH_WaitForLastOperation
 .text.FLASH_PageErase
                0x080006dc       0x2c src/bl-flash.o
                0x080006dc                FLASH_PageErase
 .text.HAL_FLASH_Unlock
                0x08000708       0x64 src/bl-flash.o
                0x08000708                HAL_FLASH_Unlock
 .text.HAL_FLASH_Lock
                0x0800076c       0x1c src/bl-flash.o
                0x0800076c                HAL_FLASH_Lock
 .text.HAL_FLASHEx_Erase
                0x08000788       0x7c src/bl-flash.o
                0x08000788                HAL_FLASHEx_Erase
 .text.HAL_FLASH_Program
                0x08000804       0x38 src/bl-flash.o
                0x08000804                HAL_FLASH_Program
 .text.BL_FLASH_ERASE_Main_Application
                0x0800083c       0x30 src/bl-flash.o
                0x0800083c                BL_FLASH_ERASE_Main_Application
 .text.sys_tick_handler
                0x0800086c       0x1c ../shared/src/core/system.o
                0x0800086c                sys_tick_handler
 .text.SYSTEM_Get_Ticks
                0x08000888        0xc ../shared/src/core/system.o
                0x08000888                SYSTEM_Get_Ticks
 .text.SYSTEM_Init
                0x08000894       0x98 ../shared/src/core/system.o
                0x08000894                SYSTEM_Init
 .text.SYSTEM_Init_Reset
                0x0800092c       0x16 ../shared/src/core/system.o
                0x0800092c                SYSTEM_Init_Reset
 *fill*         0x08000942        0x2 
 .text.SYSTEM_Delay
                0x08000944       0x20 ../shared/src/core/system.o
                0x08000944                SYSTEM_Delay
 .text.usart2_isr
                0x08000964       0x34 ../shared/src/core/uart.o
                0x08000964                usart2_isr
 .text.UART_Init
                0x08000998       0x6c ../shared/src/core/uart.o
                0x08000998                UART_Init
 .text.UART_Init_Reset
                0x08000a04       0x24 ../shared/src/core/uart.o
                0x08000a04                UART_Init_Reset
 .text.uart_write_byte
                0x08000a28       0x10 ../shared/src/core/uart.o
                0x08000a28                uart_write_byte
 .text.uart_write
                0x08000a38       0x16 ../shared/src/core/uart.o
                0x08000a38                uart_write
 *fill*         0x08000a4e        0x2 
 .text.uart_read
                0x08000a50       0x28 ../shared/src/core/uart.o
                0x08000a50                uart_read
 .text.uart_read_byte
                0x08000a78       0x16 ../shared/src/core/uart.o
                0x08000a78                uart_read_byte
 *fill*         0x08000a8e        0x2 
 .text.uart_data_available
                0x08000a90       0x14 ../shared/src/core/uart.o
                0x08000a90                uart_data_available
 .text.ring_buffer_setup
                0x08000aa4        0xe ../shared/src/core/ring-buffer.o
                0x08000aa4                ring_buffer_setup
 .text.ring_buffer_empty
                0x08000ab2        0xe ../shared/src/core/ring-buffer.o
                0x08000ab2                ring_buffer_empty
 .text.ring_buffer_read
                0x08000ac0       0x20 ../shared/src/core/ring-buffer.o
                0x08000ac0                ring_buffer_read
 .text.ring_buffer_write
                0x08000ae0       0x1e ../shared/src/core/ring-buffer.o
                0x08000ae0                ring_buffer_write
 *fill*         0x08000afe        0x2 
 .text.crc8     0x08000b00       0x40 ../shared/src/core/crc8.o
                0x08000b00                crc8
 .text.TIMER_Init
                0x08000b40       0x24 ../shared/src/core/timer.o
                0x08000b40                TIMER_Init
 .text.TIMER_Is_Elapsed
                0x08000b64       0x3e ../shared/src/core/timer.o
                0x08000b64                TIMER_Is_Elapsed
 *fill*         0x08000ba2        0x2 
 .text.flash_prefetch_enable
                0x08000ba4       0x10 ../libopencm3/lib/libopencm3_stm32l0.a(flash_common_all.o)
                0x08000ba4                flash_prefetch_enable
 .text.flash_set_ws
                0x08000bb4       0x14 ../libopencm3/lib/libopencm3_stm32l0.a(flash_common_all.o)
                0x08000bb4                flash_set_ws
 .text.gpio_mode_setup
                0x08000bc8       0x40 ../libopencm3/lib/libopencm3_stm32l0.a(gpio_common_f0234.o)
                0x08000bc8                gpio_mode_setup
 .text.gpio_set_af
                0x08000c08       0x58 ../libopencm3/lib/libopencm3_stm32l0.a(gpio_common_f0234.o)
                0x08000c08                gpio_set_af
 .text.pwr_set_vos_scale
                0x08000c60       0x34 ../libopencm3/lib/libopencm3_stm32l0.a(pwr_common_v2.o)
                0x08000c60                pwr_set_vos_scale
 .text.rcc_osc_on
                0x08000c94       0x54 ../libopencm3/lib/libopencm3_stm32l0.a(rcc.o)
                0x08000c94                rcc_osc_on
 .text.rcc_osc_off
                0x08000ce8       0x5c ../libopencm3/lib/libopencm3_stm32l0.a(rcc.o)
                0x08000ce8                rcc_osc_off
 .text.rcc_is_osc_ready
                0x08000d44       0x54 ../libopencm3/lib/libopencm3_stm32l0.a(rcc.o)
                0x08000d44                rcc_is_osc_ready
 .text.rcc_wait_for_osc_ready
                0x08000d98       0x10 ../libopencm3/lib/libopencm3_stm32l0.a(rcc.o)
                0x08000d98                rcc_wait_for_osc_ready
 .text.rcc_set_sysclk_source
                0x08000da8       0x48 ../libopencm3/lib/libopencm3_stm32l0.a(rcc.o)
                0x08000da8                rcc_set_sysclk_source
 .text.rcc_set_pll_multiplier
                0x08000df0       0x18 ../libopencm3/lib/libopencm3_stm32l0.a(rcc.o)
                0x08000df0                rcc_set_pll_multiplier
 .text.rcc_set_pll_divider
                0x08000e08       0x18 ../libopencm3/lib/libopencm3_stm32l0.a(rcc.o)
                0x08000e08                rcc_set_pll_divider
 .text.rcc_set_pll_source
                0x08000e20       0x18 ../libopencm3/lib/libopencm3_stm32l0.a(rcc.o)
                0x08000e20                rcc_set_pll_source
 .text.rcc_set_ppre1
                0x08000e38       0x18 ../libopencm3/lib/libopencm3_stm32l0.a(rcc.o)
                0x08000e38                rcc_set_ppre1
 .text.rcc_set_ppre2
                0x08000e50       0x18 ../libopencm3/lib/libopencm3_stm32l0.a(rcc.o)
                0x08000e50                rcc_set_ppre2
 .text.rcc_set_hpre
                0x08000e68       0x14 ../libopencm3/lib/libopencm3_stm32l0.a(rcc.o)
                0x08000e68                rcc_set_hpre
 .text.rcc_periph_clock_enable
                0x08000e7c       0x1c ../libopencm3/lib/libopencm3_stm32l0.a(rcc_common_all.o)
                0x08000e7c                rcc_periph_clock_enable
 .text.rcc_periph_clock_disable
                0x08000e98       0x1c ../libopencm3/lib/libopencm3_stm32l0.a(rcc_common_all.o)
                0x08000e98                rcc_periph_clock_disable
 .text.usart_set_databits
                0x08000eb4       0x1c ../libopencm3/lib/libopencm3_stm32l0.a(usart_common_all.o)
                0x08000eb4                usart_set_databits
 .text.usart_set_stopbits
                0x08000ed0       0x10 ../libopencm3/lib/libopencm3_stm32l0.a(usart_common_all.o)
                0x08000ed0                usart_set_stopbits
 .text.usart_set_parity
                0x08000ee0       0x10 ../libopencm3/lib/libopencm3_stm32l0.a(usart_common_all.o)
                0x08000ee0                usart_set_parity
 .text.usart_set_mode
                0x08000ef0        0xc ../libopencm3/lib/libopencm3_stm32l0.a(usart_common_all.o)
                0x08000ef0                usart_set_mode
 .text.usart_set_flow_control
                0x08000efc       0x10 ../libopencm3/lib/libopencm3_stm32l0.a(usart_common_all.o)
                0x08000efc                usart_set_flow_control
 .text.usart_enable
                0x08000f0c        0xa ../libopencm3/lib/libopencm3_stm32l0.a(usart_common_all.o)
                0x08000f0c                usart_enable
 .text.usart_disable
                0x08000f16        0xa ../libopencm3/lib/libopencm3_stm32l0.a(usart_common_all.o)
                0x08000f16                usart_disable
 .text.usart_send_blocking
                0x08000f20       0x14 ../libopencm3/lib/libopencm3_stm32l0.a(usart_common_all.o)
                0x08000f20                usart_send_blocking
 .text.usart_enable_rx_interrupt
                0x08000f34        0xa ../libopencm3/lib/libopencm3_stm32l0.a(usart_common_all.o)
                0x08000f34                usart_enable_rx_interrupt
 .text.usart_disable_rx_interrupt
                0x08000f3e        0xa ../libopencm3/lib/libopencm3_stm32l0.a(usart_common_all.o)
                0x08000f3e                usart_disable_rx_interrupt
 .text.usart_send
                0x08000f48        0x8 ../libopencm3/lib/libopencm3_stm32l0.a(usart_common_v2.o)
                0x08000f48                usart_send
 .text.usart_recv
                0x08000f50        0x8 ../libopencm3/lib/libopencm3_stm32l0.a(usart_common_v2.o)
                0x08000f50                usart_recv
 .text.usart_wait_send_ready
                0x08000f58        0xa ../libopencm3/lib/libopencm3_stm32l0.a(usart_common_v2.o)
                0x08000f58                usart_wait_send_ready
 .text.usart_get_flag
                0x08000f62        0xe ../libopencm3/lib/libopencm3_stm32l0.a(usart_common_v2.o)
                0x08000f62                usart_get_flag
 .text.blocking_handler
                0x08000f70        0x2 ../libopencm3/lib/libopencm3_stm32l0.a(vector.o)
                0x08000f70                exti0_1_isr
                0x08000f70                tim7_isr
                0x08000f70                blocking_handler
                0x08000f70                tsc_isr
                0x08000f70                spi1_isr
                0x08000f70                i2c1_isr
                0x08000f70                i2c2_isr
                0x08000f70                tim21_isr
                0x08000f70                usart1_isr
                0x08000f70                i2c3_isr
                0x08000f70                reserved4_isr
                0x08000f70                exti2_3_isr
                0x08000f70                lptim1_isr
                0x08000f70                pvd_isr
                0x08000f70                rcc_isr
                0x08000f70                flash_isr
                0x08000f70                hard_fault_handler
                0x08000f70                spi2_isr
                0x08000f70                lpuart1_aes_rng_isr
                0x08000f70                usb_isr
                0x08000f70                tim3_isr
                0x08000f70                adc_comp_isr
                0x08000f70                dma1_channel1_isr
                0x08000f70                tim6_dac_isr
                0x08000f70                lcd_isr
                0x08000f70                dma1_channel2_3_isr
                0x08000f70                tim22_isr
                0x08000f70                exti4_15_isr
                0x08000f70                usart4_5_isr
                0x08000f70                wwdg_isr
                0x08000f70                tim2_isr
                0x08000f70                dma1_channel4_5_isr
                0x08000f70                rtc_isr
 .text.null_handler
                0x08000f72        0x2 ../libopencm3/lib/libopencm3_stm32l0.a(vector.o)
                0x08000f72                null_handler
                0x08000f72                sv_call_handler
                0x08000f72                pend_sv_handler
                0x08000f72                nmi_handler
 .text.reset_handler
                0x08000f74       0x88 ../libopencm3/lib/libopencm3_stm32l0.a(vector.o)
                0x08000f74                reset_handler
 .text.systick_set_clocksource
                0x08000ffc       0x14 ../libopencm3/lib/libopencm3_stm32l0.a(systick.o)
                0x08000ffc                systick_set_clocksource
 .text.systick_set_frequency
                0x08001010       0x28 ../libopencm3/lib/libopencm3_stm32l0.a(systick.o)
                0x08001010                systick_set_frequency
 .text.systick_interrupt_enable
                0x08001038       0x10 ../libopencm3/lib/libopencm3_stm32l0.a(systick.o)
                0x08001038                systick_interrupt_enable
 .text.systick_interrupt_disable
                0x08001048       0x10 ../libopencm3/lib/libopencm3_stm32l0.a(systick.o)
                0x08001048                systick_interrupt_disable
 .text.systick_counter_enable
                0x08001058       0x10 ../libopencm3/lib/libopencm3_stm32l0.a(systick.o)
                0x08001058                systick_counter_enable
 .text.systick_counter_disable
                0x08001068       0x10 ../libopencm3/lib/libopencm3_stm32l0.a(systick.o)
                0x08001068                systick_counter_disable
 .text.systick_clear
                0x08001078        0xc ../libopencm3/lib/libopencm3_stm32l0.a(systick.o)
                0x08001078                systick_clear
 .text.nvic_enable_irq
                0x08001084       0x18 ../libopencm3/lib/libopencm3_stm32l0.a(nvic.o)
                0x08001084                nvic_enable_irq
 .text.nvic_disable_irq
                0x0800109c       0x18 ../libopencm3/lib/libopencm3_stm32l0.a(nvic.o)
                0x0800109c                nvic_disable_irq
 .text.memset   0x080010b4       0x94 /Applications/ArmGNUToolchain/14.3.rel1/arm-none-eabi/bin/../lib/gcc/arm-none-eabi/14.3.1/../../../../arm-none-eabi/lib/thumb/v6-m/nofp/libc.a(libc_a-memset.o)
                0x080010b4                memset
 .text.memcpy   0x08001148       0xa8 /Applications/ArmGNUToolchain/14.3.rel1/arm-none-eabi/bin/../lib/gcc/arm-none-eabi/14.3.1/../../../../arm-none-eabi/lib/thumb/v6-m/nofp/libc.a(libc_a-memcpy-stub.o)
                0x08001148                memcpy
 .text          0x080011f0       0x14 /Applications/ArmGNUToolchain/14.3.rel1/arm-none-eabi/bin/../lib/gcc/arm-none-eabi/14.3.1/thumb/v6-m/nofp/libgcc.a(_thumb1_case_uqi.o)
                0x080011f0                __gnu_thumb1_case_uqi
 .text          0x08001204      0x114 /Applications/ArmGNUToolchain/14.3.rel1/arm-none-eabi/bin/../lib/gcc/arm-none-eabi/14.3.1/thumb/v6-m/nofp/libgcc.a(_udivsi3.o)
                0x08001204                __udivsi3
                0x08001204                __aeabi_uidiv
                0x08001310                __aeabi_uidivmod
 .text          0x08001318        0x4 /Applications/ArmGNUToolchain/14.3.rel1/arm-none-eabi/bin/../lib/gcc/arm-none-eabi/14.3.1/thumb/v6-m/nofp/libgcc.a(_dvmd_tls.o)
                0x08001318                __aeabi_ldiv0
                0x08001318                __aeabi_idiv0
                0x0800131c                        . = ALIGN (0x4)
 *(.rodata*)
                0x0800131c                        . = ALIGN (0x4)

.glue_7         0x0800131c        0x0
 .glue_7        0x0800131c        0x0 linker stubs

.glue_7t        0x0800131c        0x0
 .glue_7t       0x0800131c        0x0 linker stubs

.vfp11_veneer   0x0800131c        0x0
 .vfp11_veneer  0x0800131c        0x0 linker stubs

.v4_bx          0x0800131c        0x0
 .v4_bx         0x0800131c        0x0 linker stubs

.iplt           0x0800131c        0x0
 .iplt          0x0800131c        0x0 src/firmware-bootloader.o

.rel.dyn        0x0800131c        0x0
 .rel.iplt      0x0800131c        0x0 src/firmware-bootloader.o

.preinit_array  0x0800131c        0x0
                0x0800131c                        . = ALIGN (0x4)
                0x0800131c                        __preinit_array_start = .
 *(.preinit_array)
                0x0800131c                        __preinit_array_end = .

.init_array     0x0800131c        0x0
                0x0800131c                        . = ALIGN (0x4)
                0x0800131c                        __init_array_start = .
 *(SORT_BY_NAME(.init_array.*))
 *(.init_array)
                0x0800131c                        __init_array_end = .

.fini_array     0x0800131c        0x0
                0x0800131c                        . = ALIGN (0x4)
                0x0800131c                        __fini_array_start = .
 *(.fini_array)
 *(SORT_BY_NAME(.fini_array.*))
                0x0800131c                        __fini_array_end = .

.ARM.extab
 *(.ARM.extab*)

.ARM.exidx      0x0800131c        0x0
                0x0800131c                        __exidx_start = .
 *(.ARM.exidx*)
                0x0800131c                        __exidx_end = .
                0x0800131c                        . = ALIGN (0x4)
                0x0800131c                        _etext = .

.noinit
 *(.noinit*)
                0x0800131c                        . = ALIGN (0x4)

.data           0x20000000        0x0 load address 0x0800131c
                0x20000000                        _data = .
 *(.data*)
 *(.ramtext*)
                0x20000000                        . = ALIGN (0x4)
                0x20000000                        _edata = .
                0x0800131c                        _data_loadaddr = LOADADDR (.data)

.igot.plt       0x20000000        0x0 load address 0x0800131c
 .igot.plt      0x20000000        0x0 src/firmware-bootloader.o

.bss            0x20000000      0x2bc load address 0x0800131c
 *(.bss*)
 .bss.timer     0x20000000       0x18 src/firmware-bootloader.o
 .bss.temp_segment
                0x20000018       0x23 src/firmware-bootloader.o
 .bss.sync_seq  0x2000003b        0x4 src/firmware-bootloader.o
 *fill*         0x2000003f        0x1 
 .bss.bytes_written
                0x20000040        0x4 src/firmware-bootloader.o
 .bss.state     0x20000044        0x1 src/firmware-bootloader.o
 *fill*         0x20000045        0x3 
 .bss.segment_write_index
                0x20000048        0x4 src/transport-layer.o
 .bss.segment_read_index
                0x2000004c        0x4 src/transport-layer.o
 .bss.segment_buffer
                0x20000050      0x118 src/transport-layer.o
 .bss.last_transmitted_segment
                0x20000168       0x23 src/transport-layer.o
 .bss.ack_segment
                0x2000018b       0x23 src/transport-layer.o
 .bss.retx_segment
                0x200001ae       0x23 src/transport-layer.o
 .bss.temp_segment
                0x200001d1       0x23 src/transport-layer.o
 .bss.data_byte_count
                0x200001f4        0x1 src/transport-layer.o
 .bss.state     0x200001f5        0x1 src/transport-layer.o
 *fill*         0x200001f6        0x2 
 .bss.EraseInit.0
                0x200001f8        0xc src/bl-flash.o
 .bss.pFlash    0x20000204       0x18 src/bl-flash.o
                0x20000204                pFlash
 *fill*         0x2000021c        0x4 
 .bss.ticks     0x20000220        0x8 ../shared/src/core/system.o
 .bss.data_buffer
                0x20000228       0x80 ../shared/src/core/uart.o
 .bss.rb        0x200002a8       0x10 ../shared/src/core/uart.o
 .bss.x         0x200002b8        0x4 ../shared/src/core/crc8.o
                0x200002b8                x
 *(COMMON)
                0x200002bc                        . = ALIGN (0x4)
                0x200002bc                        _ebss = .

/DISCARD/
 *(.eh_frame)
                0x200002bc                        . = ALIGN (0x4)
                0x200002bc                        end = .
                0x20002000                        PROVIDE (_stack = (ORIGIN (ram) + LENGTH (ram)))
OUTPUT(firmware-bootloader.elf elf32-littlearm)
LOAD linker stubs

.debug_info     0x00000000     0x58b1
 .debug_info    0x00000000      0xc0c src/firmware-bootloader.o
 .debug_info    0x00000c0c      0x71a src/transport-layer.o
 .debug_info    0x00001326      0x63b src/bl-flash.o
 .debug_info    0x00001961      0x7fe ../shared/src/core/system.o
 .debug_info    0x0000215f      0x8f8 ../shared/src/core/uart.o
 .debug_info    0x00002a57      0x233 ../shared/src/core/ring-buffer.o
 .debug_info    0x00002c8a      0x13c ../shared/src/core/crc8.o
 .debug_info    0x00002dc6      0x1f1 ../shared/src/core/timer.o
 .debug_info    0x00002fb7       0xf1 ../libopencm3/lib/libopencm3_stm32l0.a(flash_common_all.o)
 .debug_info    0x000030a8      0x23e ../libopencm3/lib/libopencm3_stm32l0.a(gpio_common_f0234.o)
 .debug_info    0x000032e6       0xe3 ../libopencm3/lib/libopencm3_stm32l0.a(pwr_common_v2.o)
 .debug_info    0x000033c9      0xbf4 ../libopencm3/lib/libopencm3_stm32l0.a(rcc.o)
 .debug_info    0x00003fbd      0x651 ../libopencm3/lib/libopencm3_stm32l0.a(rcc_common_all.o)
 .debug_info    0x0000460e      0x784 ../libopencm3/lib/libopencm3_stm32l0.a(usart_common_all.o)
 .debug_info    0x00004d92      0x3eb ../libopencm3/lib/libopencm3_stm32l0.a(usart_common_v2.o)
 .debug_info    0x0000517d      0x2c3 ../libopencm3/lib/libopencm3_stm32l0.a(vector.o)
 .debug_info    0x00005440      0x243 ../libopencm3/lib/libopencm3_stm32l0.a(systick.o)
 .debug_info    0x00005683      0x22e ../libopencm3/lib/libopencm3_stm32l0.a(nvic.o)

.debug_abbrev   0x00000000     0x1c52
 .debug_abbrev  0x00000000      0x2c6 src/firmware-bootloader.o
 .debug_abbrev  0x000002c6      0x282 src/transport-layer.o
 .debug_abbrev  0x00000548      0x28d src/bl-flash.o
 .debug_abbrev  0x000007d5      0x23f ../shared/src/core/system.o
 .debug_abbrev  0x00000a14      0x220 ../shared/src/core/uart.o
 .debug_abbrev  0x00000c34      0x104 ../shared/src/core/ring-buffer.o
 .debug_abbrev  0x00000d38       0xad ../shared/src/core/crc8.o
 .debug_abbrev  0x00000de5      0x12c ../shared/src/core/timer.o
 .debug_abbrev  0x00000f11       0x96 ../libopencm3/lib/libopencm3_stm32l0.a(flash_common_all.o)
 .debug_abbrev  0x00000fa7       0xc3 ../libopencm3/lib/libopencm3_stm32l0.a(gpio_common_f0234.o)
 .debug_abbrev  0x0000106a       0x97 ../libopencm3/lib/libopencm3_stm32l0.a(pwr_common_v2.o)
 .debug_abbrev  0x00001101      0x349 ../libopencm3/lib/libopencm3_stm32l0.a(rcc.o)
 .debug_abbrev  0x0000144a      0x174 ../libopencm3/lib/libopencm3_stm32l0.a(rcc_common_all.o)
 .debug_abbrev  0x000015be      0x1bb ../libopencm3/lib/libopencm3_stm32l0.a(usart_common_all.o)
 .debug_abbrev  0x00001779      0x140 ../libopencm3/lib/libopencm3_stm32l0.a(usart_common_v2.o)
 .debug_abbrev  0x000018b9      0x149 ../libopencm3/lib/libopencm3_stm32l0.a(vector.o)
 .debug_abbrev  0x00001a02      0x16d ../libopencm3/lib/libopencm3_stm32l0.a(systick.o)
 .debug_abbrev  0x00001b6f       0xe3 ../libopencm3/lib/libopencm3_stm32l0.a(nvic.o)

.debug_loclists
                0x00000000     0x179a
 .debug_loclists
                0x00000000       0xcd src/firmware-bootloader.o
 .debug_loclists
                0x000000cd      0x291 src/transport-layer.o
 .debug_loclists
                0x0000035e      0x251 src/bl-flash.o
 .debug_loclists
                0x000005af       0x3a ../shared/src/core/system.o
 .debug_loclists
                0x000005e9      0x156 ../shared/src/core/uart.o
 .debug_loclists
                0x0000073f       0xf6 ../shared/src/core/ring-buffer.o
 .debug_loclists
                0x00000835       0xd4 ../shared/src/core/crc8.o
 .debug_loclists
                0x00000909       0xde ../shared/src/core/timer.o
 .debug_loclists
                0x000009e7       0x17 ../libopencm3/lib/libopencm3_stm32l0.a(flash_common_all.o)
 .debug_loclists
                0x000009fe      0x195 ../libopencm3/lib/libopencm3_stm32l0.a(gpio_common_f0234.o)
 .debug_loclists
                0x00000b93       0x34 ../libopencm3/lib/libopencm3_stm32l0.a(pwr_common_v2.o)
 .debug_loclists
                0x00000bc7      0x57c ../libopencm3/lib/libopencm3_stm32l0.a(rcc.o)
 .debug_loclists
                0x00001143       0xa4 ../libopencm3/lib/libopencm3_stm32l0.a(rcc_common_all.o)
 .debug_loclists
                0x000011e7      0x254 ../libopencm3/lib/libopencm3_stm32l0.a(usart_common_all.o)
 .debug_loclists
                0x0000143b       0xbc ../libopencm3/lib/libopencm3_stm32l0.a(usart_common_v2.o)
 .debug_loclists
                0x000014f7       0xa1 ../libopencm3/lib/libopencm3_stm32l0.a(vector.o)
 .debug_loclists
                0x00001598       0xab ../libopencm3/lib/libopencm3_stm32l0.a(systick.o)
 .debug_loclists
                0x00001643      0x157 ../libopencm3/lib/libopencm3_stm32l0.a(nvic.o)

.debug_aranges  0x00000000      0x6c0
 .debug_aranges
                0x00000000       0x20 src/firmware-bootloader.o
 .debug_aranges
                0x00000020       0x78 src/transport-layer.o
 .debug_aranges
                0x00000098       0x58 src/bl-flash.o
 .debug_aranges
                0x000000f0       0x40 ../shared/src/core/system.o
 .debug_aranges
                0x00000130       0x58 ../shared/src/core/uart.o
 .debug_aranges
                0x00000188       0x38 ../shared/src/core/ring-buffer.o
 .debug_aranges
                0x000001c0       0x20 ../shared/src/core/crc8.o
 .debug_aranges
                0x000001e0       0x30 ../shared/src/core/timer.o
 .debug_aranges
                0x00000210       0x38 ../libopencm3/lib/libopencm3_stm32l0.a(flash_common_all.o)
 .debug_aranges
                0x00000248       0x30 ../libopencm3/lib/libopencm3_stm32l0.a(gpio_common_f0234.o)
 .debug_aranges
                0x00000278       0x20 ../libopencm3/lib/libopencm3_stm32l0.a(pwr_common_v2.o)
 .debug_aranges
                0x00000298      0x100 ../libopencm3/lib/libopencm3_stm32l0.a(rcc.o)
 .debug_aranges
                0x00000398       0x80 ../libopencm3/lib/libopencm3_stm32l0.a(rcc_common_all.o)
 .debug_aranges
                0x00000418       0xf8 ../libopencm3/lib/libopencm3_stm32l0.a(usart_common_all.o)
 .debug_aranges
                0x00000510       0xb8 ../libopencm3/lib/libopencm3_stm32l0.a(usart_common_v2.o)
 .debug_aranges
                0x000005c8       0x30 ../libopencm3/lib/libopencm3_stm32l0.a(vector.o)
 .debug_aranges
                0x000005f8       0x78 ../libopencm3/lib/libopencm3_stm32l0.a(systick.o)
 .debug_aranges
                0x00000670       0x50 ../libopencm3/lib/libopencm3_stm32l0.a(nvic.o)

.debug_rnglists
                0x00000000      0x5ac
 .debug_rnglists
                0x00000000       0x3b src/firmware-bootloader.o
 .debug_rnglists
                0x0000003b       0x63 src/transport-layer.o
 .debug_rnglists
                0x0000009e       0x52 src/bl-flash.o
 .debug_rnglists
                0x000000f0       0x50 ../shared/src/core/system.o
 .debug_rnglists
                0x00000140       0x64 ../shared/src/core/uart.o
 .debug_rnglists
                0x000001a4       0x25 ../shared/src/core/ring-buffer.o
 .debug_rnglists
                0x000001c9       0x31 ../shared/src/core/crc8.o
 .debug_rnglists
                0x000001fa       0x1f ../shared/src/core/timer.o
 .debug_rnglists
                0x00000219       0x25 ../libopencm3/lib/libopencm3_stm32l0.a(flash_common_all.o)
 .debug_rnglists
                0x0000023e       0x1f ../libopencm3/lib/libopencm3_stm32l0.a(gpio_common_f0234.o)
 .debug_rnglists
                0x0000025d       0x13 ../libopencm3/lib/libopencm3_stm32l0.a(pwr_common_v2.o)
 .debug_rnglists
                0x00000270       0xe0 ../libopencm3/lib/libopencm3_stm32l0.a(rcc.o)
 .debug_rnglists
                0x00000350       0x5b ../libopencm3/lib/libopencm3_stm32l0.a(rcc_common_all.o)
 .debug_rnglists
                0x000003ab       0xb5 ../libopencm3/lib/libopencm3_stm32l0.a(usart_common_all.o)
 .debug_rnglists
                0x00000460       0x85 ../libopencm3/lib/libopencm3_stm32l0.a(usart_common_v2.o)
 .debug_rnglists
                0x000004e5       0x20 ../libopencm3/lib/libopencm3_stm32l0.a(vector.o)
 .debug_rnglists
                0x00000505       0x61 ../libopencm3/lib/libopencm3_stm32l0.a(systick.o)
 .debug_rnglists
                0x00000566       0x46 ../libopencm3/lib/libopencm3_stm32l0.a(nvic.o)

.debug_macro    0x00000000     0x5661
 .debug_macro   0x00000000      0x1dc src/firmware-bootloader.o
 .debug_macro   0x000001dc      0xaae src/firmware-bootloader.o
 .debug_macro   0x00000c8a       0x1c src/firmware-bootloader.o
 .debug_macro   0x00000ca6       0x22 src/firmware-bootloader.o
 .debug_macro   0x00000cc8       0x56 src/firmware-bootloader.o
 .debug_macro   0x00000d1e       0x51 src/firmware-bootloader.o
 .debug_macro   0x00000d6f      0x103 src/firmware-bootloader.o
 .debug_macro   0x00000e72       0x6a src/firmware-bootloader.o
 .debug_macro   0x00000edc      0x1df src/firmware-bootloader.o
 .debug_macro   0x000010bb       0x22 src/firmware-bootloader.o
 .debug_macro   0x000010dd       0xe8 src/firmware-bootloader.o
 .debug_macro   0x000011c5       0x52 src/firmware-bootloader.o
 .debug_macro   0x00001217      0x166 src/firmware-bootloader.o
 .debug_macro   0x0000137d       0x8e src/firmware-bootloader.o
 .debug_macro   0x0000140b       0x58 src/firmware-bootloader.o
 .debug_macro   0x00001463      0x903 src/firmware-bootloader.o
 .debug_macro   0x00001d66       0x76 src/firmware-bootloader.o
 .debug_macro   0x00001ddc      0x37e src/firmware-bootloader.o
 .debug_macro   0x0000215a       0xca src/firmware-bootloader.o
 .debug_macro   0x00002224       0x46 src/firmware-bootloader.o
 .debug_macro   0x0000226a       0x49 src/firmware-bootloader.o
 .debug_macro   0x000022b3       0xca src/firmware-bootloader.o
 .debug_macro   0x0000237d       0x10 src/firmware-bootloader.o
 .debug_macro   0x0000238d       0x6a src/firmware-bootloader.o
 .debug_macro   0x000023f7       0x10 src/firmware-bootloader.o
 .debug_macro   0x00002407      0x14e src/transport-layer.o
 .debug_macro   0x00002555       0x7b src/transport-layer.o
 .debug_macro   0x000025d0       0x24 src/transport-layer.o
 .debug_macro   0x000025f4       0x3c src/transport-layer.o
 .debug_macro   0x00002630       0x34 src/transport-layer.o
 .debug_macro   0x00002664      0x190 src/transport-layer.o
 .debug_macro   0x000027f4      0x364 src/transport-layer.o
 .debug_macro   0x00002b58       0x16 src/transport-layer.o
 .debug_macro   0x00002b6e       0x4a src/transport-layer.o
 .debug_macro   0x00002bb8       0x34 src/transport-layer.o
 .debug_macro   0x00002bec       0x10 src/transport-layer.o
 .debug_macro   0x00002bfc       0x58 src/transport-layer.o
 .debug_macro   0x00002c54      0x1e5 src/transport-layer.o
 .debug_macro   0x00002e39       0x10 src/transport-layer.o
 .debug_macro   0x00002e49       0x3c src/transport-layer.o
 .debug_macro   0x00002e85      0x444 src/bl-flash.o
 .debug_macro   0x000032c9      0x151 ../shared/src/core/system.o
 .debug_macro   0x0000341a      0x166 ../shared/src/core/system.o
 .debug_macro   0x00003580       0x46 ../shared/src/core/system.o
 .debug_macro   0x000035c6       0x6f ../shared/src/core/system.o
 .debug_macro   0x00003635      0x14c ../shared/src/core/uart.o
 .debug_macro   0x00003781       0x94 ../shared/src/core/uart.o
 .debug_macro   0x00003815      0x530 ../shared/src/core/uart.o
 .debug_macro   0x00003d45       0x22 ../shared/src/core/uart.o
 .debug_macro   0x00003d67       0x80 ../shared/src/core/ring-buffer.o
 .debug_macro   0x00003de7       0x80 ../shared/src/core/crc8.o
 .debug_macro   0x00003e67       0x89 ../shared/src/core/timer.o
 .debug_macro   0x00003ef0       0x16 ../shared/src/core/timer.o
 .debug_macro   0x00003f06       0xbc ../libopencm3/lib/libopencm3_stm32l0.a(flash_common_all.o)
 .debug_macro   0x00003fc2      0xaa2 ../libopencm3/lib/libopencm3_stm32l0.a(flash_common_all.o)
 .debug_macro   0x00004a64       0x56 ../libopencm3/lib/libopencm3_stm32l0.a(flash_common_all.o)
 .debug_macro   0x00004aba       0xd6 ../libopencm3/lib/libopencm3_stm32l0.a(gpio_common_f0234.o)
 .debug_macro   0x00004b90       0xe4 ../libopencm3/lib/libopencm3_stm32l0.a(pwr_common_v2.o)
 .debug_macro   0x00004c74      0x113 ../libopencm3/lib/libopencm3_stm32l0.a(rcc.o)
 .debug_macro   0x00004d87       0x16 ../libopencm3/lib/libopencm3_stm32l0.a(rcc.o)
 .debug_macro   0x00004d9d       0xfa ../libopencm3/lib/libopencm3_stm32l0.a(rcc_common_all.o)
 .debug_macro   0x00004e97      0x105 ../libopencm3/lib/libopencm3_stm32l0.a(usart_common_all.o)
 .debug_macro   0x00004f9c       0xc1 ../libopencm3/lib/libopencm3_stm32l0.a(usart_common_v2.o)
 .debug_macro   0x0000505d       0xcf ../libopencm3/lib/libopencm3_stm32l0.a(vector.o)
 .debug_macro   0x0000512c      0x19f ../libopencm3/lib/libopencm3_stm32l0.a(vector.o)
 .debug_macro   0x000052cb       0x92 ../libopencm3/lib/libopencm3_stm32l0.a(systick.o)
 .debug_macro   0x0000535d       0x69 ../libopencm3/lib/libopencm3_stm32l0.a(systick.o)
 .debug_macro   0x000053c6       0xb3 ../libopencm3/lib/libopencm3_stm32l0.a(nvic.o)
 .debug_macro   0x00005479       0x43 ../libopencm3/lib/libopencm3_stm32l0.a(nvic.o)
 .debug_macro   0x000054bc      0x1a5 ../libopencm3/lib/libopencm3_stm32l0.a(nvic.o)

.debug_line     0x00000000     0x615d
 .debug_line    0x00000000      0x707 src/firmware-bootloader.o
 .debug_line    0x00000707      0x6d5 src/transport-layer.o
 .debug_line    0x00000ddc      0x695 src/bl-flash.o
 .debug_line    0x00001471      0x580 ../shared/src/core/system.o
 .debug_line    0x000019f1      0x5c2 ../shared/src/core/uart.o
 .debug_line    0x00001fb3      0x346 ../shared/src/core/ring-buffer.o
 .debug_line    0x000022f9      0x2cd ../shared/src/core/crc8.o
 .debug_line    0x000025c6      0x312 ../shared/src/core/timer.o
 .debug_line    0x000028d8      0x3b4 ../libopencm3/lib/libopencm3_stm32l0.a(flash_common_all.o)
 .debug_line    0x00002c8c      0x526 ../libopencm3/lib/libopencm3_stm32l0.a(gpio_common_f0234.o)
 .debug_line    0x000031b2      0x375 ../libopencm3/lib/libopencm3_stm32l0.a(pwr_common_v2.o)
 .debug_line    0x00003527      0xbef ../libopencm3/lib/libopencm3_stm32l0.a(rcc.o)
 .debug_line    0x00004116      0x525 ../libopencm3/lib/libopencm3_stm32l0.a(rcc_common_all.o)
 .debug_line    0x0000463b      0x89d ../libopencm3/lib/libopencm3_stm32l0.a(usart_common_all.o)
 .debug_line    0x00004ed8      0x646 ../libopencm3/lib/libopencm3_stm32l0.a(usart_common_v2.o)
 .debug_line    0x0000551e      0x40b ../libopencm3/lib/libopencm3_stm32l0.a(vector.o)
 .debug_line    0x00005929      0x42f ../libopencm3/lib/libopencm3_stm32l0.a(systick.o)
 .debug_line    0x00005d58      0x405 ../libopencm3/lib/libopencm3_stm32l0.a(nvic.o)

.debug_str      0x00000000    0x12474
 .debug_str     0x00000000    0x12474 src/firmware-bootloader.o
                               0x9a17 (size before relaxing)
 .debug_str     0x00012474     0x7037 src/transport-layer.o
 .debug_str     0x00012474     0x5313 src/bl-flash.o
 .debug_str     0x00012474     0x8b55 ../shared/src/core/system.o
 .debug_str     0x00012474     0x9b2a ../shared/src/core/uart.o
 .debug_str     0x00012474     0x3d78 ../shared/src/core/ring-buffer.o
 .debug_str     0x00012474     0x3cbf ../shared/src/core/crc8.o
 .debug_str     0x00012474     0x3d54 ../shared/src/core/timer.o
 .debug_str     0x00012474     0x547b ../libopencm3/lib/libopencm3_stm32l0.a(flash_common_all.o)
 .debug_str     0x00012474     0x606d ../libopencm3/lib/libopencm3_stm32l0.a(gpio_common_f0234.o)
 .debug_str     0x00012474     0x754b ../libopencm3/lib/libopencm3_stm32l0.a(pwr_common_v2.o)
 .debug_str     0x00012474     0x866d ../libopencm3/lib/libopencm3_stm32l0.a(rcc.o)
 .debug_str     0x00012474     0x7b7a ../libopencm3/lib/libopencm3_stm32l0.a(rcc_common_all.o)
 .debug_str     0x00012474     0x947f ../libopencm3/lib/libopencm3_stm32l0.a(usart_common_all.o)
 .debug_str     0x00012474     0x6930 ../libopencm3/lib/libopencm3_stm32l0.a(usart_common_v2.o)
 .debug_str     0x00012474     0x5435 ../libopencm3/lib/libopencm3_stm32l0.a(vector.o)
 .debug_str     0x00012474     0x4523 ../libopencm3/lib/libopencm3_stm32l0.a(systick.o)
 .debug_str     0x00012474     0x4f0e ../libopencm3/lib/libopencm3_stm32l0.a(nvic.o)

.comment        0x00000000       0x46
 .comment       0x00000000       0x46 src/firmware-bootloader.o
                                 0x47 (size before relaxing)
 .comment       0x00000046       0x47 src/transport-layer.o
 .comment       0x00000046       0x47 src/bl-flash.o
 .comment       0x00000046       0x47 ../shared/src/core/system.o
 .comment       0x00000046       0x47 ../shared/src/core/uart.o
 .comment       0x00000046       0x47 ../shared/src/core/ring-buffer.o
 .comment       0x00000046       0x47 ../shared/src/core/crc8.o
 .comment       0x00000046       0x47 ../shared/src/core/timer.o
 .comment       0x00000046       0x47 ../libopencm3/lib/libopencm3_stm32l0.a(flash_common_all.o)
 .comment       0x00000046       0x47 ../libopencm3/lib/libopencm3_stm32l0.a(gpio_common_f0234.o)
 .comment       0x00000046       0x47 ../libopencm3/lib/libopencm3_stm32l0.a(pwr_common_v2.o)
 .comment       0x00000046       0x47 ../libopencm3/lib/libopencm3_stm32l0.a(rcc.o)
 .comment       0x00000046       0x47 ../libopencm3/lib/libopencm3_stm32l0.a(rcc_common_all.o)
 .comment       0x00000046       0x47 ../libopencm3/lib/libopencm3_stm32l0.a(usart_common_all.o)
 .comment       0x00000046       0x47 ../libopencm3/lib/libopencm3_stm32l0.a(usart_common_v2.o)
 .comment       0x00000046       0x47 ../libopencm3/lib/libopencm3_stm32l0.a(vector.o)
 .comment       0x00000046       0x47 ../libopencm3/lib/libopencm3_stm32l0.a(systick.o)
 .comment       0x00000046       0x47 ../libopencm3/lib/libopencm3_stm32l0.a(nvic.o)

.ARM.attributes
                0x00000000       0x2c
 .ARM.attributes
                0x00000000       0x2c src/firmware-bootloader.o
 .ARM.attributes
                0x0000002c       0x2c src/transport-layer.o
 .ARM.attributes
                0x00000058       0x2c src/bl-flash.o
 .ARM.attributes
                0x00000084       0x2c ../shared/src/core/system.o
 .ARM.attributes
                0x000000b0       0x2c ../shared/src/core/uart.o
 .ARM.attributes
                0x000000dc       0x2c ../shared/src/core/ring-buffer.o
 .ARM.attributes
                0x00000108       0x2c ../shared/src/core/crc8.o
 .ARM.attributes
                0x00000134       0x2c ../shared/src/core/timer.o
 .ARM.attributes
                0x00000160       0x2c ../libopencm3/lib/libopencm3_stm32l0.a(flash_common_all.o)
 .ARM.attributes
                0x0000018c       0x2c ../libopencm3/lib/libopencm3_stm32l0.a(gpio_common_f0234.o)
 .ARM.attributes
                0x000001b8       0x2c ../libopencm3/lib/libopencm3_stm32l0.a(pwr_common_v2.o)
 .ARM.attributes
                0x000001e4       0x2c ../libopencm3/lib/libopencm3_stm32l0.a(rcc.o)
 .ARM.attributes
                0x00000210       0x2c ../libopencm3/lib/libopencm3_stm32l0.a(rcc_common_all.o)
 .ARM.attributes
                0x0000023c       0x2c ../libopencm3/lib/libopencm3_stm32l0.a(usart_common_all.o)
 .ARM.attributes
                0x00000268       0x2c ../libopencm3/lib/libopencm3_stm32l0.a(usart_common_v2.o)
 .ARM.attributes
                0x00000294       0x2c ../libopencm3/lib/libopencm3_stm32l0.a(vector.o)
 .ARM.attributes
                0x000002c0       0x2c ../libopencm3/lib/libopencm3_stm32l0.a(systick.o)
 .ARM.attributes
                0x000002ec       0x2c ../libopencm3/lib/libopencm3_stm32l0.a(nvic.o)
 .ARM.attributes
                0x00000318       0x2c /Applications/ArmGNUToolchain/14.3.rel1/arm-none-eabi/bin/../lib/gcc/arm-none-eabi/14.3.1/../../../../arm-none-eabi/lib/thumb/v6-m/nofp/libc.a(libc_a-memset.o)
 .ARM.attributes
                0x00000344       0x2c /Applications/ArmGNUToolchain/14.3.rel1/arm-none-eabi/bin/../lib/gcc/arm-none-eabi/14.3.1/../../../../arm-none-eabi/lib/thumb/v6-m/nofp/libc.a(libc_a-memcpy-stub.o)
 .ARM.attributes
                0x00000370       0x1e /Applications/ArmGNUToolchain/14.3.rel1/arm-none-eabi/bin/../lib/gcc/arm-none-eabi/14.3.1/thumb/v6-m/nofp/libgcc.a(_thumb1_case_uqi.o)
 .ARM.attributes
                0x0000038e       0x1e /Applications/ArmGNUToolchain/14.3.rel1/arm-none-eabi/bin/../lib/gcc/arm-none-eabi/14.3.1/thumb/v6-m/nofp/libgcc.a(_udivsi3.o)
 .ARM.attributes
                0x000003ac       0x1e /Applications/ArmGNUToolchain/14.3.rel1/arm-none-eabi/bin/../lib/gcc/arm-none-eabi/14.3.1/thumb/v6-m/nofp/libgcc.a(_dvmd_tls.o)

.debug_frame    0x00000000      0xe24
 .debug_frame   0x00000000       0x30 src/firmware-bootloader.o
 .debug_frame   0x00000030      0x120 src/transport-layer.o
 .debug_frame   0x00000150       0xd8 src/bl-flash.o
 .debug_frame   0x00000228       0x84 ../shared/src/core/system.o
 .debug_frame   0x000002ac       0xdc ../shared/src/core/uart.o
 .debug_frame   0x00000388       0x64 ../shared/src/core/ring-buffer.o
 .debug_frame   0x000003ec       0x30 ../shared/src/core/crc8.o
 .debug_frame   0x0000041c       0x64 ../shared/src/core/timer.o
 .debug_frame   0x00000480       0x50 ../libopencm3/lib/libopencm3_stm32l0.a(flash_common_all.o)
 .debug_frame   0x000004d0       0x78 ../libopencm3/lib/libopencm3_stm32l0.a(gpio_common_f0234.o)
 .debug_frame   0x00000548       0x20 ../libopencm3/lib/libopencm3_stm32l0.a(pwr_common_v2.o)
 .debug_frame   0x00000568      0x254 ../libopencm3/lib/libopencm3_stm32l0.a(rcc.o)
 .debug_frame   0x000007bc       0xf0 ../libopencm3/lib/libopencm3_stm32l0.a(rcc_common_all.o)
 .debug_frame   0x000008ac      0x1fc ../libopencm3/lib/libopencm3_stm32l0.a(usart_common_all.o)
 .debug_frame   0x00000aa8      0x150 ../libopencm3/lib/libopencm3_stm32l0.a(usart_common_v2.o)
 .debug_frame   0x00000bf8       0x48 ../libopencm3/lib/libopencm3_stm32l0.a(vector.o)
 .debug_frame   0x00000c40       0xd8 ../libopencm3/lib/libopencm3_stm32l0.a(systick.o)
 .debug_frame   0x00000d18       0x88 ../libopencm3/lib/libopencm3_stm32l0.a(nvic.o)
 .debug_frame   0x00000da0       0x30 /Applications/ArmGNUToolchain/14.3.rel1/arm-none-eabi/bin/../lib/gcc/arm-none-eabi/14.3.1/../../../../arm-none-eabi/lib/thumb/v6-m/nofp/libc.a(libc_a-memset.o)
 .debug_frame   0x00000dd0       0x34 /Applications/ArmGNUToolchain/14.3.rel1/arm-none-eabi/bin/../lib/gcc/arm-none-eabi/14.3.1/../../../../arm-none-eabi/lib/thumb/v6-m/nofp/libc.a(libc_a-memcpy-stub.o)
 .debug_frame   0x00000e04       0x20 /Applications/ArmGNUToolchain/14.3.rel1/arm-none-eabi/bin/../lib/gcc/arm-none-eabi/14.3.1/thumb/v6-m/nofp/libgcc.a(_udivsi3.o)

.debug_line_str
                0x00000000       0xd2
 .debug_line_str
                0x00000000       0xd2 /Applications/ArmGNUToolchain/14.3.rel1/arm-none-eabi/bin/../lib/gcc/arm-none-eabi/14.3.1/thumb/v6-m/nofp/libgcc.a(_thumb1_case_uqi.o)
 .debug_line_str
                0x000000d2       0xd2 /Applications/ArmGNUToolchain/14.3.rel1/arm-none-eabi/bin/../lib/gcc/arm-none-eabi/14.3.1/thumb/v6-m/nofp/libgcc.a(_udivsi3.o)
 .debug_line_str
                0x000000d2       0xd2 /Applications/ArmGNUToolchain/14.3.rel1/arm-none-eabi/bin/../lib/gcc/arm-none-eabi/14.3.1/thumb/v6-m/nofp/libgcc.a(_dvmd_tls.o)

Cross Reference Table

Symbol                                            File
BL_FLASH_ERASE_Main_Application                   src/bl-flash.o
                                                  src/firmware-bootloader.o
FLASH_PageErase                                   src/bl-flash.o
FLASH_WaitForLastOperation                        src/bl-flash.o
HAL_FLASHEx_Erase                                 src/bl-flash.o
HAL_FLASH_GetError                                src/bl-flash.o
HAL_FLASH_Lock                                    src/bl-flash.o
                                                  src/firmware-bootloader.o
HAL_FLASH_Program                                 src/bl-flash.o
                                                  src/firmware-bootloader.o
HAL_FLASH_Unlock                                  src/bl-flash.o
                                                  src/firmware-bootloader.o
SYSTEM_Delay                                      ../shared/src/core/system.o
                                                  src/firmware-bootloader.o
SYSTEM_Get_Ticks                                  ../shared/src/core/system.o
                                                  ../shared/src/core/timer.o
                                                  src/bl-flash.o
SYSTEM_Init                                       ../shared/src/core/system.o
                                                  src/firmware-bootloader.o
SYSTEM_Init_Reset                                 ../shared/src/core/system.o
                                                  src/firmware-bootloader.o
TIMER_Init                                        ../shared/src/core/timer.o
                                                  src/firmware-bootloader.o
TIMER_Is_Elapsed                                  ../shared/src/core/timer.o
                                                  src/firmware-bootloader.o
TIMER_Reset                                       ../shared/src/core/timer.o
TL_Init                                           src/transport-layer.o
                                                  src/firmware-bootloader.o
TL_Update                                         src/transport-layer.o
                                                  src/firmware-bootloader.o
UART_Init                                         ../shared/src/core/uart.o
                                                  src/firmware-bootloader.o
UART_Init_Reset                                   ../shared/src/core/uart.o
                                                  src/firmware-bootloader.o
__aeabi_idiv0                                     /Applications/ArmGNUToolchain/14.3.rel1/arm-none-eabi/bin/../lib/gcc/arm-none-eabi/14.3.1/thumb/v6-m/nofp/libgcc.a(_dvmd_tls.o)
                                                  /Applications/ArmGNUToolchain/14.3.rel1/arm-none-eabi/bin/../lib/gcc/arm-none-eabi/14.3.1/thumb/v6-m/nofp/libgcc.a(_udivsi3.o)
__aeabi_ldiv0                                     /Applications/ArmGNUToolchain/14.3.rel1/arm-none-eabi/bin/../lib/gcc/arm-none-eabi/14.3.1/thumb/v6-m/nofp/libgcc.a(_dvmd_tls.o)
__aeabi_uidiv                                     /Applications/ArmGNUToolchain/14.3.rel1/arm-none-eabi/bin/../lib/gcc/arm-none-eabi/14.3.1/thumb/v6-m/nofp/libgcc.a(_udivsi3.o)
                                                  ../libopencm3/lib/libopencm3_stm32l0.a(systick.o)
                                                  ../libopencm3/lib/libopencm3_stm32l0.a(usart_common_all.o)
__aeabi_uidivmod                                  /Applications/ArmGNUToolchain/14.3.rel1/arm-none-eabi/bin/../lib/gcc/arm-none-eabi/14.3.1/thumb/v6-m/nofp/libgcc.a(_udivsi3.o)
                                                  ../libopencm3/lib/libopencm3_stm32l0.a(usart_common_all.o)
__fini_array_end                                  ../libopencm3/lib/libopencm3_stm32l0.a(vector.o)
__fini_array_start                                ../libopencm3/lib/libopencm3_stm32l0.a(vector.o)
__gnu_thumb1_case_uqi                             /Applications/ArmGNUToolchain/14.3.rel1/arm-none-eabi/bin/../lib/gcc/arm-none-eabi/14.3.1/thumb/v6-m/nofp/libgcc.a(_thumb1_case_uqi.o)
                                                  ../libopencm3/lib/libopencm3_stm32l0.a(rcc.o)
                                                  src/transport-layer.o
                                                  src/firmware-bootloader.o
__init_array_end                                  ../libopencm3/lib/libopencm3_stm32l0.a(vector.o)
__init_array_start                                ../libopencm3/lib/libopencm3_stm32l0.a(vector.o)
__preinit_array_end                               ../libopencm3/lib/libopencm3_stm32l0.a(vector.o)
__preinit_array_start                             ../libopencm3/lib/libopencm3_stm32l0.a(vector.o)
__udivsi3                                         /Applications/ArmGNUToolchain/14.3.rel1/arm-none-eabi/bin/../lib/gcc/arm-none-eabi/14.3.1/thumb/v6-m/nofp/libgcc.a(_udivsi3.o)
_data                                             ../libopencm3/lib/libopencm3_stm32l0.a(vector.o)
_data_loadaddr                                    ../libopencm3/lib/libopencm3_stm32l0.a(vector.o)
_ebss                                             ../libopencm3/lib/libopencm3_stm32l0.a(vector.o)
_edata                                            ../libopencm3/lib/libopencm3_stm32l0.a(vector.o)
_stack                                            ../libopencm3/lib/libopencm3_stm32l0.a(vector.o)
adc_comp_isr                                      ../libopencm3/lib/libopencm3_stm32l0.a(vector.o)
blocking_handler                                  ../libopencm3/lib/libopencm3_stm32l0.a(vector.o)
cm3_assert_failed                                 ../libopencm3/lib/libopencm3_stm32l0.a(assert.o)
                                                  ../libopencm3/lib/libopencm3_stm32l0.a(rcc.o)
cm3_assert_failed_verbose                         ../libopencm3/lib/libopencm3_stm32l0.a(assert.o)
crc8                                              ../shared/src/core/crc8.o
                                                  src/transport-layer.o
dma1_channel1_isr                                 ../libopencm3/lib/libopencm3_stm32l0.a(vector.o)
dma1_channel2_3_isr                               ../libopencm3/lib/libopencm3_stm32l0.a(vector.o)
dma1_channel4_5_isr                               ../libopencm3/lib/libopencm3_stm32l0.a(vector.o)
exti0_1_isr                                       ../libopencm3/lib/libopencm3_stm32l0.a(vector.o)
exti2_3_isr                                       ../libopencm3/lib/libopencm3_stm32l0.a(vector.o)
exti4_15_isr                                      ../libopencm3/lib/libopencm3_stm32l0.a(vector.o)
flash_isr                                         ../libopencm3/lib/libopencm3_stm32l0.a(vector.o)
flash_prefetch_disable                            ../libopencm3/lib/libopencm3_stm32l0.a(flash_common_all.o)
flash_prefetch_enable                             ../libopencm3/lib/libopencm3_stm32l0.a(flash_common_all.o)
                                                  ../libopencm3/lib/libopencm3_stm32l0.a(rcc.o)
                                                  ../shared/src/core/system.o
flash_set_ws                                      ../libopencm3/lib/libopencm3_stm32l0.a(flash_common_all.o)
                                                  ../libopencm3/lib/libopencm3_stm32l0.a(rcc.o)
                                                  ../shared/src/core/system.o
flash_unlock_option_bytes                         ../libopencm3/lib/libopencm3_stm32l0.a(flash_common_all.o)
gpio_mode_setup                                   ../libopencm3/lib/libopencm3_stm32l0.a(gpio_common_f0234.o)
                                                  src/firmware-bootloader.o
gpio_set_af                                       ../libopencm3/lib/libopencm3_stm32l0.a(gpio_common_f0234.o)
                                                  src/firmware-bootloader.o
gpio_set_output_options                           ../libopencm3/lib/libopencm3_stm32l0.a(gpio_common_f0234.o)
hard_fault_handler                                ../libopencm3/lib/libopencm3_stm32l0.a(vector.o)
i2c1_isr                                          ../libopencm3/lib/libopencm3_stm32l0.a(vector.o)
i2c2_isr                                          ../libopencm3/lib/libopencm3_stm32l0.a(vector.o)
i2c3_isr                                          ../libopencm3/lib/libopencm3_stm32l0.a(vector.o)
lcd_isr                                           ../libopencm3/lib/libopencm3_stm32l0.a(vector.o)
lptim1_isr                                        ../libopencm3/lib/libopencm3_stm32l0.a(vector.o)
lpuart1_aes_rng_isr                               ../libopencm3/lib/libopencm3_stm32l0.a(vector.o)
main                                              src/firmware-bootloader.o
                                                  ../libopencm3/lib/libopencm3_stm32l0.a(vector.o)
memcpy                                            /Applications/ArmGNUToolchain/14.3.rel1/arm-none-eabi/bin/../lib/gcc/arm-none-eabi/14.3.1/../../../../arm-none-eabi/lib/thumb/v6-m/nofp/libc.a(libc_a-memcpy-stub.o)
                                                  src/transport-layer.o
memset                                            /Applications/ArmGNUToolchain/14.3.rel1/arm-none-eabi/bin/../lib/gcc/arm-none-eabi/14.3.1/../../../../arm-none-eabi/lib/thumb/v6-m/nofp/libc.a(libc_a-memset.o)
                                                  src/transport-layer.o
nmi_handler                                       ../libopencm3/lib/libopencm3_stm32l0.a(vector.o)
null_handler                                      ../libopencm3/lib/libopencm3_stm32l0.a(vector.o)
nvic_clear_pending_irq                            ../libopencm3/lib/libopencm3_stm32l0.a(nvic.o)
nvic_disable_irq                                  ../libopencm3/lib/libopencm3_stm32l0.a(nvic.o)
                                                  ../shared/src/core/uart.o
nvic_enable_irq                                   ../libopencm3/lib/libopencm3_stm32l0.a(nvic.o)
                                                  ../shared/src/core/uart.o
nvic_get_irq_enabled                              ../libopencm3/lib/libopencm3_stm32l0.a(nvic.o)
nvic_get_pending_irq                              ../libopencm3/lib/libopencm3_stm32l0.a(nvic.o)
nvic_set_pending_irq                              ../libopencm3/lib/libopencm3_stm32l0.a(nvic.o)
nvic_set_priority                                 ../libopencm3/lib/libopencm3_stm32l0.a(nvic.o)
pFlash                                            src/bl-flash.o
pend_sv_handler                                   ../libopencm3/lib/libopencm3_stm32l0.a(vector.o)
pll_32mhz_config                                  ../shared/src/core/system.o
pvd_isr                                           ../libopencm3/lib/libopencm3_stm32l0.a(vector.o)
pwr_set_vos_scale                                 ../libopencm3/lib/libopencm3_stm32l0.a(pwr_common_v2.o)
                                                  ../libopencm3/lib/libopencm3_stm32l0.a(rcc.o)
                                                  ../shared/src/core/system.o
rcc_ahb_frequency                                 ../libopencm3/lib/libopencm3_stm32l0.a(rcc.o)
rcc_apb1_frequency                                ../libopencm3/lib/libopencm3_stm32l0.a(rcc.o)
rcc_apb2_frequency                                ../libopencm3/lib/libopencm3_stm32l0.a(rcc.o)
rcc_clock_setup_pll                               ../libopencm3/lib/libopencm3_stm32l0.a(rcc.o)
rcc_get_div_from_hpre                             ../libopencm3/lib/libopencm3_stm32l0.a(rcc_common_all.o)
                                                  ../libopencm3/lib/libopencm3_stm32l0.a(rcc.o)
rcc_get_i2c_clk_freq                              ../libopencm3/lib/libopencm3_stm32l0.a(rcc.o)
rcc_get_spi_clk_freq                              ../libopencm3/lib/libopencm3_stm32l0.a(rcc.o)
rcc_get_timer_clk_freq                            ../libopencm3/lib/libopencm3_stm32l0.a(rcc.o)
rcc_get_usart_clk_freq                            ../libopencm3/lib/libopencm3_stm32l0.a(rcc.o)
                                                  ../libopencm3/lib/libopencm3_stm32l0.a(usart_common_all.o)
rcc_is_osc_ready                                  ../libopencm3/lib/libopencm3_stm32l0.a(rcc.o)
                                                  ../shared/src/core/system.o
rcc_isr                                           ../libopencm3/lib/libopencm3_stm32l0.a(vector.o)
rcc_osc_bypass_disable                            ../libopencm3/lib/libopencm3_stm32l0.a(rcc_common_all.o)
rcc_osc_bypass_enable                             ../libopencm3/lib/libopencm3_stm32l0.a(rcc_common_all.o)
rcc_osc_off                                       ../libopencm3/lib/libopencm3_stm32l0.a(rcc.o)
                                                  ../shared/src/core/system.o
rcc_osc_on                                        ../libopencm3/lib/libopencm3_stm32l0.a(rcc.o)
                                                  ../shared/src/core/system.o
rcc_osc_ready_int_clear                           ../libopencm3/lib/libopencm3_stm32l0.a(rcc.o)
rcc_osc_ready_int_disable                         ../libopencm3/lib/libopencm3_stm32l0.a(rcc.o)
rcc_osc_ready_int_enable                          ../libopencm3/lib/libopencm3_stm32l0.a(rcc.o)
rcc_osc_ready_int_flag                            ../libopencm3/lib/libopencm3_stm32l0.a(rcc.o)
rcc_periph_clock_disable                          ../libopencm3/lib/libopencm3_stm32l0.a(rcc_common_all.o)
                                                  ../shared/src/core/uart.o
                                                  src/firmware-bootloader.o
rcc_periph_clock_enable                           ../libopencm3/lib/libopencm3_stm32l0.a(rcc_common_all.o)
                                                  ../libopencm3/lib/libopencm3_stm32l0.a(rcc.o)
                                                  ../shared/src/core/uart.o
                                                  ../shared/src/core/system.o
                                                  src/firmware-bootloader.o
rcc_periph_reset_hold                             ../libopencm3/lib/libopencm3_stm32l0.a(rcc_common_all.o)
rcc_periph_reset_pulse                            ../libopencm3/lib/libopencm3_stm32l0.a(rcc_common_all.o)
rcc_periph_reset_release                          ../libopencm3/lib/libopencm3_stm32l0.a(rcc_common_all.o)
rcc_peripheral_clear_reset                        ../libopencm3/lib/libopencm3_stm32l0.a(rcc_common_all.o)
rcc_peripheral_disable_clock                      ../libopencm3/lib/libopencm3_stm32l0.a(rcc_common_all.o)
rcc_peripheral_enable_clock                       ../libopencm3/lib/libopencm3_stm32l0.a(rcc_common_all.o)
rcc_peripheral_reset                              ../libopencm3/lib/libopencm3_stm32l0.a(rcc_common_all.o)
rcc_set_hpre                                      ../libopencm3/lib/libopencm3_stm32l0.a(rcc.o)
                                                  ../shared/src/core/system.o
rcc_set_hsi48_source_pll                          ../libopencm3/lib/libopencm3_stm32l0.a(rcc.o)
rcc_set_hsi48_source_rc48                         ../libopencm3/lib/libopencm3_stm32l0.a(rcc.o)
rcc_set_lptim1_sel                                ../libopencm3/lib/libopencm3_stm32l0.a(rcc.o)
rcc_set_lpuart1_sel                               ../libopencm3/lib/libopencm3_stm32l0.a(rcc.o)
rcc_set_mco                                       ../libopencm3/lib/libopencm3_stm32l0.a(rcc_common_all.o)
rcc_set_msi_range                                 ../libopencm3/lib/libopencm3_stm32l0.a(rcc.o)
rcc_set_peripheral_clk_sel                        ../libopencm3/lib/libopencm3_stm32l0.a(rcc.o)
rcc_set_pll_divider                               ../libopencm3/lib/libopencm3_stm32l0.a(rcc.o)
                                                  ../shared/src/core/system.o
rcc_set_pll_multiplier                            ../libopencm3/lib/libopencm3_stm32l0.a(rcc.o)
                                                  ../shared/src/core/system.o
rcc_set_pll_source                                ../libopencm3/lib/libopencm3_stm32l0.a(rcc.o)
                                                  ../shared/src/core/system.o
rcc_set_ppre1                                     ../libopencm3/lib/libopencm3_stm32l0.a(rcc.o)
                                                  ../shared/src/core/system.o
rcc_set_ppre2                                     ../libopencm3/lib/libopencm3_stm32l0.a(rcc.o)
                                                  ../shared/src/core/system.o
rcc_set_sysclk_source                             ../libopencm3/lib/libopencm3_stm32l0.a(rcc.o)
                                                  ../shared/src/core/system.o
rcc_set_usart1_sel                                ../libopencm3/lib/libopencm3_stm32l0.a(rcc.o)
rcc_set_usart2_sel                                ../libopencm3/lib/libopencm3_stm32l0.a(rcc.o)
rcc_wait_for_osc_ready                            ../libopencm3/lib/libopencm3_stm32l0.a(rcc.o)
                                                  ../shared/src/core/system.o
reserved4_isr                                     ../libopencm3/lib/libopencm3_stm32l0.a(vector.o)
reset_handler                                     ../libopencm3/lib/libopencm3_stm32l0.a(vector.o)
ring_buffer_empty                                 ../shared/src/core/ring-buffer.o
                                                  ../shared/src/core/uart.o
ring_buffer_read                                  ../shared/src/core/ring-buffer.o
                                                  ../shared/src/core/uart.o
ring_buffer_setup                                 ../shared/src/core/ring-buffer.o
                                                  ../shared/src/core/uart.o
ring_buffer_write                                 ../shared/src/core/ring-buffer.o
                                                  ../shared/src/core/uart.o
rtc_isr                                           ../libopencm3/lib/libopencm3_stm32l0.a(vector.o)
spi1_isr                                          ../libopencm3/lib/libopencm3_stm32l0.a(vector.o)
spi2_isr                                          ../libopencm3/lib/libopencm3_stm32l0.a(vector.o)
sv_call_handler                                   ../libopencm3/lib/libopencm3_stm32l0.a(vector.o)
sys_tick_handler                                  ../shared/src/core/system.o
systick_clear                                     ../libopencm3/lib/libopencm3_stm32l0.a(systick.o)
                                                  ../shared/src/core/system.o
systick_counter_disable                           ../libopencm3/lib/libopencm3_stm32l0.a(systick.o)
                                                  ../shared/src/core/system.o
systick_counter_enable                            ../libopencm3/lib/libopencm3_stm32l0.a(systick.o)
                                                  ../shared/src/core/system.o
systick_get_calib                                 ../libopencm3/lib/libopencm3_stm32l0.a(systick.o)
systick_get_countflag                             ../libopencm3/lib/libopencm3_stm32l0.a(systick.o)
systick_get_reload                                ../libopencm3/lib/libopencm3_stm32l0.a(systick.o)
systick_get_value                                 ../libopencm3/lib/libopencm3_stm32l0.a(systick.o)
systick_interrupt_disable                         ../libopencm3/lib/libopencm3_stm32l0.a(systick.o)
                                                  ../shared/src/core/system.o
systick_interrupt_enable                          ../libopencm3/lib/libopencm3_stm32l0.a(systick.o)
                                                  ../shared/src/core/system.o
systick_set_clocksource                           ../libopencm3/lib/libopencm3_stm32l0.a(systick.o)
systick_set_frequency                             ../libopencm3/lib/libopencm3_stm32l0.a(systick.o)
                                                  ../shared/src/core/system.o
systick_set_reload                                ../libopencm3/lib/libopencm3_stm32l0.a(systick.o)
tim21_isr                                         ../libopencm3/lib/libopencm3_stm32l0.a(vector.o)
tim22_isr                                         ../libopencm3/lib/libopencm3_stm32l0.a(vector.o)
tim2_isr                                          ../libopencm3/lib/libopencm3_stm32l0.a(vector.o)
tim3_isr                                          ../libopencm3/lib/libopencm3_stm32l0.a(vector.o)
tim6_dac_isr                                      ../libopencm3/lib/libopencm3_stm32l0.a(vector.o)
tim7_isr                                          ../libopencm3/lib/libopencm3_stm32l0.a(vector.o)
tl_compute_crc                                    src/transport-layer.o
tl_create_ack_segment                             src/transport-layer.o
tl_create_retx_segment                            src/transport-layer.o
tl_create_single_byte_segment                     src/transport-layer.o
                                                  src/firmware-bootloader.o
tl_is_ack_segment                                 src/transport-layer.o
tl_is_retx_segment                                src/transport-layer.o
tl_is_single_byte_segment                         src/transport-layer.o
                                                  src/firmware-bootloader.o
tl_read                                           src/transport-layer.o
                                                  src/firmware-bootloader.o
tl_segment_available                              src/transport-layer.o
                                                  src/firmware-bootloader.o
tl_write                                          src/transport-layer.o
                                                  src/firmware-bootloader.o
tsc_isr                                           ../libopencm3/lib/libopencm3_stm32l0.a(vector.o)
uart_data_available                               ../shared/src/core/uart.o
                                                  src/transport-layer.o
                                                  src/firmware-bootloader.o
uart_read                                         ../shared/src/core/uart.o
uart_read_byte                                    ../shared/src/core/uart.o
                                                  src/transport-layer.o
                                                  src/firmware-bootloader.o
uart_write                                        ../shared/src/core/uart.o
                                                  src/transport-layer.o
uart_write_byte                                   ../shared/src/core/uart.o
usart1_isr                                        ../libopencm3/lib/libopencm3_stm32l0.a(vector.o)
usart2_isr                                        ../shared/src/core/uart.o
usart4_5_isr                                      ../libopencm3/lib/libopencm3_stm32l0.a(vector.o)
usart_disable                                     ../libopencm3/lib/libopencm3_stm32l0.a(usart_common_all.o)
                                                  ../shared/src/core/uart.o
usart_disable_data_inversion                      ../libopencm3/lib/libopencm3_stm32l0.a(usart_common_v2.o)
usart_disable_error_interrupt                     ../libopencm3/lib/libopencm3_stm32l0.a(usart_common_all.o)
usart_disable_halfduplex                          ../libopencm3/lib/libopencm3_stm32l0.a(usart_common_v2.o)
usart_disable_idle_interrupt                      ../libopencm3/lib/libopencm3_stm32l0.a(usart_common_all.o)
usart_disable_rx_dma                              ../libopencm3/lib/libopencm3_stm32l0.a(usart_common_all.o)
usart_disable_rx_interrupt                        ../libopencm3/lib/libopencm3_stm32l0.a(usart_common_all.o)
                                                  ../shared/src/core/uart.o
usart_disable_rx_inversion                        ../libopencm3/lib/libopencm3_stm32l0.a(usart_common_v2.o)
usart_disable_rx_timeout                          ../libopencm3/lib/libopencm3_stm32l0.a(usart_common_v2.o)
usart_disable_rx_timeout_interrupt                ../libopencm3/lib/libopencm3_stm32l0.a(usart_common_v2.o)
usart_disable_tx_complete_interrupt               ../libopencm3/lib/libopencm3_stm32l0.a(usart_common_all.o)
usart_disable_tx_dma                              ../libopencm3/lib/libopencm3_stm32l0.a(usart_common_all.o)
usart_disable_tx_interrupt                        ../libopencm3/lib/libopencm3_stm32l0.a(usart_common_all.o)
usart_disable_tx_inversion                        ../libopencm3/lib/libopencm3_stm32l0.a(usart_common_v2.o)
usart_enable                                      ../libopencm3/lib/libopencm3_stm32l0.a(usart_common_all.o)
                                                  ../shared/src/core/uart.o
usart_enable_data_inversion                       ../libopencm3/lib/libopencm3_stm32l0.a(usart_common_v2.o)
usart_enable_diver_enable                         ../libopencm3/lib/libopencm3_stm32l0.a(usart_common_v2.o)
usart_enable_error_interrupt                      ../libopencm3/lib/libopencm3_stm32l0.a(usart_common_all.o)
usart_enable_halfduplex                           ../libopencm3/lib/libopencm3_stm32l0.a(usart_common_v2.o)
usart_enable_idle_interrupt                       ../libopencm3/lib/libopencm3_stm32l0.a(usart_common_all.o)
usart_enable_rx_dma                               ../libopencm3/lib/libopencm3_stm32l0.a(usart_common_all.o)
usart_enable_rx_interrupt                         ../libopencm3/lib/libopencm3_stm32l0.a(usart_common_all.o)
                                                  ../shared/src/core/uart.o
usart_enable_rx_inversion                         ../libopencm3/lib/libopencm3_stm32l0.a(usart_common_v2.o)
usart_enable_rx_timeout                           ../libopencm3/lib/libopencm3_stm32l0.a(usart_common_v2.o)
usart_enable_rx_timeout_interrupt                 ../libopencm3/lib/libopencm3_stm32l0.a(usart_common_v2.o)
usart_enable_tx_complete_interrupt                ../libopencm3/lib/libopencm3_stm32l0.a(usart_common_all.o)
usart_enable_tx_dma                               ../libopencm3/lib/libopencm3_stm32l0.a(usart_common_all.o)
usart_enable_tx_interrupt                         ../libopencm3/lib/libopencm3_stm32l0.a(usart_common_all.o)
usart_enable_tx_inversion                         ../libopencm3/lib/libopencm3_stm32l0.a(usart_common_v2.o)
usart_get_baudrate                                ../libopencm3/lib/libopencm3_stm32l0.a(usart_common_all.o)
usart_get_databits                                ../libopencm3/lib/libopencm3_stm32l0.a(usart_common_all.o)
usart_get_flag                                    ../libopencm3/lib/libopencm3_stm32l0.a(usart_common_v2.o)
                                                  ../shared/src/core/uart.o
usart_get_parity                                  ../libopencm3/lib/libopencm3_stm32l0.a(usart_common_all.o)
usart_get_stopbits                                ../libopencm3/lib/libopencm3_stm32l0.a(usart_common_all.o)
usart_recv                                        ../libopencm3/lib/libopencm3_stm32l0.a(usart_common_v2.o)
                                                  ../libopencm3/lib/libopencm3_stm32l0.a(usart_common_all.o)
                                                  ../shared/src/core/uart.o
usart_recv_blocking                               ../libopencm3/lib/libopencm3_stm32l0.a(usart_common_all.o)
usart_send                                        ../libopencm3/lib/libopencm3_stm32l0.a(usart_common_v2.o)
                                                  ../libopencm3/lib/libopencm3_stm32l0.a(usart_common_all.o)
usart_send_blocking                               ../libopencm3/lib/libopencm3_stm32l0.a(usart_common_all.o)
                                                  ../shared/src/core/uart.o
usart_set_baudrate                                ../libopencm3/lib/libopencm3_stm32l0.a(usart_common_all.o)
usart_set_databits                                ../libopencm3/lib/libopencm3_stm32l0.a(usart_common_all.o)
                                                  ../shared/src/core/uart.o
usart_set_flow_control                            ../libopencm3/lib/libopencm3_stm32l0.a(usart_common_all.o)
                                                  ../shared/src/core/uart.o
usart_set_mode                                    ../libopencm3/lib/libopencm3_stm32l0.a(usart_common_all.o)
                                                  ../shared/src/core/uart.o
usart_set_oversampling                            ../libopencm3/lib/libopencm3_stm32l0.a(usart_common_v2.o)
usart_set_parity                                  ../libopencm3/lib/libopencm3_stm32l0.a(usart_common_all.o)
                                                  ../shared/src/core/uart.o
usart_set_rx_timeout_value                        ../libopencm3/lib/libopencm3_stm32l0.a(usart_common_v2.o)
usart_set_stopbits                                ../libopencm3/lib/libopencm3_stm32l0.a(usart_common_all.o)
                                                  ../shared/src/core/uart.o
usart_wait_recv_ready                             ../libopencm3/lib/libopencm3_stm32l0.a(usart_common_v2.o)
                                                  ../libopencm3/lib/libopencm3_stm32l0.a(usart_common_all.o)
usart_wait_send_ready                             ../libopencm3/lib/libopencm3_stm32l0.a(usart_common_v2.o)
                                                  ../libopencm3/lib/libopencm3_stm32l0.a(usart_common_all.o)
usb_isr                                           ../libopencm3/lib/libopencm3_stm32l0.a(vector.o)
vector_table                                      ../libopencm3/lib/libopencm3_stm32l0.a(vector.o)
wwdg_isr                                          ../libopencm3/lib/libopencm3_stm32l0.a(vector.o)
x                                                 ../shared/src/core/crc8.o
