Archive member included to satisfy reference by file (symbol)

../libopencm3/lib/libopencm3_stm32l0.a(flash_common_all.o)
                              ../shared/src/core/system.o (flash_prefetch_enable)
../libopencm3/lib/libopencm3_stm32l0.a(gpio_common_all.o)
                              src/firmware_application.o (gpio_toggle)
../libopencm3/lib/libopencm3_stm32l0.a(gpio_common_f0234.o)
                              src/firmware_application.o (gpio_mode_setup)
../libopencm3/lib/libopencm3_stm32l0.a(pwr_common_v2.o)
                              ../shared/src/core/system.o (pwr_set_vos_scale)
../libopencm3/lib/libopencm3_stm32l0.a(rcc.o)
                              ../shared/src/core/system.o (rcc_osc_on)
../libopencm3/lib/libopencm3_stm32l0.a(rcc_common_all.o)
                              src/firmware_application.o (rcc_periph_clock_enable)
../libopencm3/lib/libopencm3_stm32l0.a(vector.o)
                              (reset_handler)
../libopencm3/lib/libopencm3_stm32l0.a(systick.o)
                              ../shared/src/core/system.o (systick_set_frequency)
../libopencm3/lib/libopencm3_stm32l0.a(assert.o)
                              ../libopencm3/lib/libopencm3_stm32l0.a(rcc.o) (cm3_assert_failed)
/Applications/ArmGNUToolchain/14.3.rel1/arm-none-eabi/bin/../lib/gcc/arm-none-eabi/14.3.1/thumb/v6-m/nofp/libgcc.a(_thumb1_case_uqi.o)
                              ../libopencm3/lib/libopencm3_stm32l0.a(rcc.o) (__gnu_thumb1_case_uqi)
/Applications/ArmGNUToolchain/14.3.rel1/arm-none-eabi/bin/../lib/gcc/arm-none-eabi/14.3.1/thumb/v6-m/nofp/libgcc.a(_udivsi3.o)
                              ../libopencm3/lib/libopencm3_stm32l0.a(systick.o) (__aeabi_uidiv)
/Applications/ArmGNUToolchain/14.3.rel1/arm-none-eabi/bin/../lib/gcc/arm-none-eabi/14.3.1/thumb/v6-m/nofp/libgcc.a(_dvmd_tls.o)
                              /Applications/ArmGNUToolchain/14.3.rel1/arm-none-eabi/bin/../lib/gcc/arm-none-eabi/14.3.1/thumb/v6-m/nofp/libgcc.a(_udivsi3.o) (__aeabi_idiv0)

Discarded input sections

 .group         0x00000000        0xc src/firmware_application.o
 .group         0x00000000        0xc src/firmware_application.o
 .group         0x00000000        0xc src/firmware_application.o
 .group         0x00000000        0xc src/firmware_application.o
 .group         0x00000000        0xc src/firmware_application.o
 .group         0x00000000        0xc src/firmware_application.o
 .group         0x00000000        0xc src/firmware_application.o
 .group         0x00000000        0xc src/firmware_application.o
 .group         0x00000000        0xc src/firmware_application.o
 .group         0x00000000        0xc src/firmware_application.o
 .group         0x00000000        0xc src/firmware_application.o
 .group         0x00000000        0xc src/firmware_application.o
 .group         0x00000000        0xc src/firmware_application.o
 .group         0x00000000        0xc src/firmware_application.o
 .group         0x00000000        0xc src/firmware_application.o
 .group         0x00000000        0xc src/firmware_application.o
 .group         0x00000000        0xc src/firmware_application.o
 .group         0x00000000        0xc src/firmware_application.o
 .group         0x00000000        0xc src/firmware_application.o
 .group         0x00000000        0xc src/firmware_application.o
 .text          0x00000000        0x0 src/firmware_application.o
 .data          0x00000000        0x0 src/firmware_application.o
 .bss           0x00000000        0x0 src/firmware_application.o
 .text          0x00000000        0x0 src/firmware_bootloader.o
 .data          0x00000000        0x0 src/firmware_bootloader.o
 .bss           0x00000000        0x0 src/firmware_bootloader.o
 .ARM.attributes
                0x00000000       0x1c src/firmware_bootloader.o
 .group         0x00000000        0xc ../shared/src/core/system.o
 .group         0x00000000        0xc ../shared/src/core/system.o
 .group         0x00000000        0xc ../shared/src/core/system.o
 .group         0x00000000        0xc ../shared/src/core/system.o
 .group         0x00000000        0xc ../shared/src/core/system.o
 .group         0x00000000        0xc ../shared/src/core/system.o
 .group         0x00000000        0xc ../shared/src/core/system.o
 .group         0x00000000        0xc ../shared/src/core/system.o
 .group         0x00000000        0xc ../shared/src/core/system.o
 .group         0x00000000        0xc ../shared/src/core/system.o
 .group         0x00000000        0xc ../shared/src/core/system.o
 .group         0x00000000        0xc ../shared/src/core/system.o
 .group         0x00000000        0xc ../shared/src/core/system.o
 .group         0x00000000        0xc ../shared/src/core/system.o
 .group         0x00000000        0xc ../shared/src/core/system.o
 .group         0x00000000        0xc ../shared/src/core/system.o
 .group         0x00000000        0xc ../shared/src/core/system.o
 .group         0x00000000        0xc ../shared/src/core/system.o
 .group         0x00000000        0xc ../shared/src/core/system.o
 .group         0x00000000        0xc ../shared/src/core/system.o
 .text          0x00000000        0x0 ../shared/src/core/system.o
 .data          0x00000000        0x0 ../shared/src/core/system.o
 .bss           0x00000000        0x0 ../shared/src/core/system.o
 .rodata.pll_32mhz_config
                0x00000000       0x1c ../shared/src/core/system.o
 .debug_macro   0x00000000      0xaae ../shared/src/core/system.o
 .debug_macro   0x00000000       0x22 ../shared/src/core/system.o
 .debug_macro   0x00000000       0x56 ../shared/src/core/system.o
 .debug_macro   0x00000000       0x51 ../shared/src/core/system.o
 .debug_macro   0x00000000      0x103 ../shared/src/core/system.o
 .debug_macro   0x00000000       0x6a ../shared/src/core/system.o
 .debug_macro   0x00000000      0x1df ../shared/src/core/system.o
 .debug_macro   0x00000000       0x22 ../shared/src/core/system.o
 .debug_macro   0x00000000       0x10 ../shared/src/core/system.o
 .debug_macro   0x00000000      0x100 ../shared/src/core/system.o
 .debug_macro   0x00000000       0x52 ../shared/src/core/system.o
 .debug_macro   0x00000000      0x166 ../shared/src/core/system.o
 .debug_macro   0x00000000       0x8e ../shared/src/core/system.o
 .debug_macro   0x00000000       0x58 ../shared/src/core/system.o
 .debug_macro   0x00000000      0x903 ../shared/src/core/system.o
 .group         0x00000000        0xc ../libopencm3/lib/libopencm3_stm32l0.a(flash_common_all.o)
 .group         0x00000000        0xc ../libopencm3/lib/libopencm3_stm32l0.a(flash_common_all.o)
 .group         0x00000000        0xc ../libopencm3/lib/libopencm3_stm32l0.a(flash_common_all.o)
 .group         0x00000000        0xc ../libopencm3/lib/libopencm3_stm32l0.a(flash_common_all.o)
 .group         0x00000000        0xc ../libopencm3/lib/libopencm3_stm32l0.a(flash_common_all.o)
 .group         0x00000000        0xc ../libopencm3/lib/libopencm3_stm32l0.a(flash_common_all.o)
 .group         0x00000000        0xc ../libopencm3/lib/libopencm3_stm32l0.a(flash_common_all.o)
 .group         0x00000000        0xc ../libopencm3/lib/libopencm3_stm32l0.a(flash_common_all.o)
 .group         0x00000000        0xc ../libopencm3/lib/libopencm3_stm32l0.a(flash_common_all.o)
 .group         0x00000000        0xc ../libopencm3/lib/libopencm3_stm32l0.a(flash_common_all.o)
 .group         0x00000000        0xc ../libopencm3/lib/libopencm3_stm32l0.a(flash_common_all.o)
 .group         0x00000000        0xc ../libopencm3/lib/libopencm3_stm32l0.a(flash_common_all.o)
 .group         0x00000000        0xc ../libopencm3/lib/libopencm3_stm32l0.a(flash_common_all.o)
 .group         0x00000000        0xc ../libopencm3/lib/libopencm3_stm32l0.a(flash_common_all.o)
 .text          0x00000000        0x0 ../libopencm3/lib/libopencm3_stm32l0.a(flash_common_all.o)
 .data          0x00000000        0x0 ../libopencm3/lib/libopencm3_stm32l0.a(flash_common_all.o)
 .bss           0x00000000        0x0 ../libopencm3/lib/libopencm3_stm32l0.a(flash_common_all.o)
 .text.flash_prefetch_disable
                0x00000000       0x10 ../libopencm3/lib/libopencm3_stm32l0.a(flash_common_all.o)
 .text.flash_unlock_option_bytes
                0x00000000       0x18 ../libopencm3/lib/libopencm3_stm32l0.a(flash_common_all.o)
 .debug_macro   0x00000000       0x22 ../libopencm3/lib/libopencm3_stm32l0.a(flash_common_all.o)
 .debug_macro   0x00000000       0x51 ../libopencm3/lib/libopencm3_stm32l0.a(flash_common_all.o)
 .debug_macro   0x00000000      0x103 ../libopencm3/lib/libopencm3_stm32l0.a(flash_common_all.o)
 .debug_macro   0x00000000       0x6a ../libopencm3/lib/libopencm3_stm32l0.a(flash_common_all.o)
 .debug_macro   0x00000000      0x1df ../libopencm3/lib/libopencm3_stm32l0.a(flash_common_all.o)
 .debug_macro   0x00000000       0x22 ../libopencm3/lib/libopencm3_stm32l0.a(flash_common_all.o)
 .debug_macro   0x00000000       0x52 ../libopencm3/lib/libopencm3_stm32l0.a(flash_common_all.o)
 .debug_macro   0x00000000      0x166 ../libopencm3/lib/libopencm3_stm32l0.a(flash_common_all.o)
 .debug_macro   0x00000000      0x166 ../libopencm3/lib/libopencm3_stm32l0.a(flash_common_all.o)
 .debug_macro   0x00000000       0x46 ../libopencm3/lib/libopencm3_stm32l0.a(flash_common_all.o)
 .group         0x00000000        0xc ../libopencm3/lib/libopencm3_stm32l0.a(gpio_common_all.o)
 .group         0x00000000        0xc ../libopencm3/lib/libopencm3_stm32l0.a(gpio_common_all.o)
 .group         0x00000000        0xc ../libopencm3/lib/libopencm3_stm32l0.a(gpio_common_all.o)
 .group         0x00000000        0xc ../libopencm3/lib/libopencm3_stm32l0.a(gpio_common_all.o)
 .group         0x00000000        0xc ../libopencm3/lib/libopencm3_stm32l0.a(gpio_common_all.o)
 .group         0x00000000        0xc ../libopencm3/lib/libopencm3_stm32l0.a(gpio_common_all.o)
 .group         0x00000000        0xc ../libopencm3/lib/libopencm3_stm32l0.a(gpio_common_all.o)
 .group         0x00000000        0xc ../libopencm3/lib/libopencm3_stm32l0.a(gpio_common_all.o)
 .group         0x00000000        0xc ../libopencm3/lib/libopencm3_stm32l0.a(gpio_common_all.o)
 .group         0x00000000        0xc ../libopencm3/lib/libopencm3_stm32l0.a(gpio_common_all.o)
 .group         0x00000000        0xc ../libopencm3/lib/libopencm3_stm32l0.a(gpio_common_all.o)
 .group         0x00000000        0xc ../libopencm3/lib/libopencm3_stm32l0.a(gpio_common_all.o)
 .group         0x00000000        0xc ../libopencm3/lib/libopencm3_stm32l0.a(gpio_common_all.o)
 .group         0x00000000        0xc ../libopencm3/lib/libopencm3_stm32l0.a(gpio_common_all.o)
 .group         0x00000000        0xc ../libopencm3/lib/libopencm3_stm32l0.a(gpio_common_all.o)
 .group         0x00000000        0xc ../libopencm3/lib/libopencm3_stm32l0.a(gpio_common_all.o)
 .text          0x00000000        0x0 ../libopencm3/lib/libopencm3_stm32l0.a(gpio_common_all.o)
 .data          0x00000000        0x0 ../libopencm3/lib/libopencm3_stm32l0.a(gpio_common_all.o)
 .bss           0x00000000        0x0 ../libopencm3/lib/libopencm3_stm32l0.a(gpio_common_all.o)
 .text.gpio_set
                0x00000000        0x4 ../libopencm3/lib/libopencm3_stm32l0.a(gpio_common_all.o)
 .text.gpio_clear
                0x00000000        0x6 ../libopencm3/lib/libopencm3_stm32l0.a(gpio_common_all.o)
 .text.gpio_get
                0x00000000        0x6 ../libopencm3/lib/libopencm3_stm32l0.a(gpio_common_all.o)
 .text.gpio_port_read
                0x00000000        0x6 ../libopencm3/lib/libopencm3_stm32l0.a(gpio_common_all.o)
 .text.gpio_port_write
                0x00000000        0x4 ../libopencm3/lib/libopencm3_stm32l0.a(gpio_common_all.o)
 .text.gpio_port_config_lock
                0x00000000       0x12 ../libopencm3/lib/libopencm3_stm32l0.a(gpio_common_all.o)
 .debug_macro   0x00000000      0xaa2 ../libopencm3/lib/libopencm3_stm32l0.a(gpio_common_all.o)
 .debug_macro   0x00000000       0x1c ../libopencm3/lib/libopencm3_stm32l0.a(gpio_common_all.o)
 .debug_macro   0x00000000       0x22 ../libopencm3/lib/libopencm3_stm32l0.a(gpio_common_all.o)
 .debug_macro   0x00000000       0x56 ../libopencm3/lib/libopencm3_stm32l0.a(gpio_common_all.o)
 .debug_macro   0x00000000       0x51 ../libopencm3/lib/libopencm3_stm32l0.a(gpio_common_all.o)
 .debug_macro   0x00000000      0x103 ../libopencm3/lib/libopencm3_stm32l0.a(gpio_common_all.o)
 .debug_macro   0x00000000       0x6a ../libopencm3/lib/libopencm3_stm32l0.a(gpio_common_all.o)
 .debug_macro   0x00000000      0x1df ../libopencm3/lib/libopencm3_stm32l0.a(gpio_common_all.o)
 .debug_macro   0x00000000       0x22 ../libopencm3/lib/libopencm3_stm32l0.a(gpio_common_all.o)
 .debug_macro   0x00000000       0xe8 ../libopencm3/lib/libopencm3_stm32l0.a(gpio_common_all.o)
 .debug_macro   0x00000000       0x52 ../libopencm3/lib/libopencm3_stm32l0.a(gpio_common_all.o)
 .debug_macro   0x00000000      0x166 ../libopencm3/lib/libopencm3_stm32l0.a(gpio_common_all.o)
 .debug_macro   0x00000000       0x76 ../libopencm3/lib/libopencm3_stm32l0.a(gpio_common_all.o)
 .debug_macro   0x00000000      0x37e ../libopencm3/lib/libopencm3_stm32l0.a(gpio_common_all.o)
 .debug_macro   0x00000000       0xca ../libopencm3/lib/libopencm3_stm32l0.a(gpio_common_all.o)
 .debug_macro   0x00000000       0x46 ../libopencm3/lib/libopencm3_stm32l0.a(gpio_common_all.o)
 .group         0x00000000        0xc ../libopencm3/lib/libopencm3_stm32l0.a(gpio_common_f0234.o)
 .group         0x00000000        0xc ../libopencm3/lib/libopencm3_stm32l0.a(gpio_common_f0234.o)
 .group         0x00000000        0xc ../libopencm3/lib/libopencm3_stm32l0.a(gpio_common_f0234.o)
 .group         0x00000000        0xc ../libopencm3/lib/libopencm3_stm32l0.a(gpio_common_f0234.o)
 .group         0x00000000        0xc ../libopencm3/lib/libopencm3_stm32l0.a(gpio_common_f0234.o)
 .group         0x00000000        0xc ../libopencm3/lib/libopencm3_stm32l0.a(gpio_common_f0234.o)
 .group         0x00000000        0xc ../libopencm3/lib/libopencm3_stm32l0.a(gpio_common_f0234.o)
 .group         0x00000000        0xc ../libopencm3/lib/libopencm3_stm32l0.a(gpio_common_f0234.o)
 .group         0x00000000        0xc ../libopencm3/lib/libopencm3_stm32l0.a(gpio_common_f0234.o)
 .group         0x00000000        0xc ../libopencm3/lib/libopencm3_stm32l0.a(gpio_common_f0234.o)
 .group         0x00000000        0xc ../libopencm3/lib/libopencm3_stm32l0.a(gpio_common_f0234.o)
 .group         0x00000000        0xc ../libopencm3/lib/libopencm3_stm32l0.a(gpio_common_f0234.o)
 .group         0x00000000        0xc ../libopencm3/lib/libopencm3_stm32l0.a(gpio_common_f0234.o)
 .group         0x00000000        0xc ../libopencm3/lib/libopencm3_stm32l0.a(gpio_common_f0234.o)
 .group         0x00000000        0xc ../libopencm3/lib/libopencm3_stm32l0.a(gpio_common_f0234.o)
 .group         0x00000000        0xc ../libopencm3/lib/libopencm3_stm32l0.a(gpio_common_f0234.o)
 .text          0x00000000        0x0 ../libopencm3/lib/libopencm3_stm32l0.a(gpio_common_f0234.o)
 .data          0x00000000        0x0 ../libopencm3/lib/libopencm3_stm32l0.a(gpio_common_f0234.o)
 .bss           0x00000000        0x0 ../libopencm3/lib/libopencm3_stm32l0.a(gpio_common_f0234.o)
 .text.gpio_set_output_options
                0x00000000       0x3c ../libopencm3/lib/libopencm3_stm32l0.a(gpio_common_f0234.o)
 .text.gpio_set_af
                0x00000000       0x58 ../libopencm3/lib/libopencm3_stm32l0.a(gpio_common_f0234.o)
 .debug_macro   0x00000000      0xaa2 ../libopencm3/lib/libopencm3_stm32l0.a(gpio_common_f0234.o)
 .debug_macro   0x00000000       0x1c ../libopencm3/lib/libopencm3_stm32l0.a(gpio_common_f0234.o)
 .debug_macro   0x00000000       0x22 ../libopencm3/lib/libopencm3_stm32l0.a(gpio_common_f0234.o)
 .debug_macro   0x00000000       0x56 ../libopencm3/lib/libopencm3_stm32l0.a(gpio_common_f0234.o)
 .debug_macro   0x00000000       0x51 ../libopencm3/lib/libopencm3_stm32l0.a(gpio_common_f0234.o)
 .debug_macro   0x00000000      0x103 ../libopencm3/lib/libopencm3_stm32l0.a(gpio_common_f0234.o)
 .debug_macro   0x00000000       0x6a ../libopencm3/lib/libopencm3_stm32l0.a(gpio_common_f0234.o)
 .debug_macro   0x00000000      0x1df ../libopencm3/lib/libopencm3_stm32l0.a(gpio_common_f0234.o)
 .debug_macro   0x00000000       0x22 ../libopencm3/lib/libopencm3_stm32l0.a(gpio_common_f0234.o)
 .debug_macro   0x00000000       0xe8 ../libopencm3/lib/libopencm3_stm32l0.a(gpio_common_f0234.o)
 .debug_macro   0x00000000       0x52 ../libopencm3/lib/libopencm3_stm32l0.a(gpio_common_f0234.o)
 .debug_macro   0x00000000      0x166 ../libopencm3/lib/libopencm3_stm32l0.a(gpio_common_f0234.o)
 .debug_macro   0x00000000       0x76 ../libopencm3/lib/libopencm3_stm32l0.a(gpio_common_f0234.o)
 .debug_macro   0x00000000      0x37e ../libopencm3/lib/libopencm3_stm32l0.a(gpio_common_f0234.o)
 .debug_macro   0x00000000       0xca ../libopencm3/lib/libopencm3_stm32l0.a(gpio_common_f0234.o)
 .debug_macro   0x00000000       0x46 ../libopencm3/lib/libopencm3_stm32l0.a(gpio_common_f0234.o)
 .group         0x00000000        0xc ../libopencm3/lib/libopencm3_stm32l0.a(pwr_common_v2.o)
 .group         0x00000000        0xc ../libopencm3/lib/libopencm3_stm32l0.a(pwr_common_v2.o)
 .group         0x00000000        0xc ../libopencm3/lib/libopencm3_stm32l0.a(pwr_common_v2.o)
 .group         0x00000000        0xc ../libopencm3/lib/libopencm3_stm32l0.a(pwr_common_v2.o)
 .group         0x00000000        0xc ../libopencm3/lib/libopencm3_stm32l0.a(pwr_common_v2.o)
 .group         0x00000000        0xc ../libopencm3/lib/libopencm3_stm32l0.a(pwr_common_v2.o)
 .group         0x00000000        0xc ../libopencm3/lib/libopencm3_stm32l0.a(pwr_common_v2.o)
 .group         0x00000000        0xc ../libopencm3/lib/libopencm3_stm32l0.a(pwr_common_v2.o)
 .group         0x00000000        0xc ../libopencm3/lib/libopencm3_stm32l0.a(pwr_common_v2.o)
 .group         0x00000000        0xc ../libopencm3/lib/libopencm3_stm32l0.a(pwr_common_v2.o)
 .group         0x00000000        0xc ../libopencm3/lib/libopencm3_stm32l0.a(pwr_common_v2.o)
 .group         0x00000000        0xc ../libopencm3/lib/libopencm3_stm32l0.a(pwr_common_v2.o)
 .group         0x00000000        0xc ../libopencm3/lib/libopencm3_stm32l0.a(pwr_common_v2.o)
 .group         0x00000000        0xc ../libopencm3/lib/libopencm3_stm32l0.a(pwr_common_v2.o)
 .group         0x00000000        0xc ../libopencm3/lib/libopencm3_stm32l0.a(pwr_common_v2.o)
 .text          0x00000000        0x0 ../libopencm3/lib/libopencm3_stm32l0.a(pwr_common_v2.o)
 .data          0x00000000        0x0 ../libopencm3/lib/libopencm3_stm32l0.a(pwr_common_v2.o)
 .bss           0x00000000        0x0 ../libopencm3/lib/libopencm3_stm32l0.a(pwr_common_v2.o)
 .debug_macro   0x00000000      0xaa2 ../libopencm3/lib/libopencm3_stm32l0.a(pwr_common_v2.o)
 .debug_macro   0x00000000       0x1c ../libopencm3/lib/libopencm3_stm32l0.a(pwr_common_v2.o)
 .debug_macro   0x00000000       0x22 ../libopencm3/lib/libopencm3_stm32l0.a(pwr_common_v2.o)
 .debug_macro   0x00000000       0x56 ../libopencm3/lib/libopencm3_stm32l0.a(pwr_common_v2.o)
 .debug_macro   0x00000000       0x51 ../libopencm3/lib/libopencm3_stm32l0.a(pwr_common_v2.o)
 .debug_macro   0x00000000      0x103 ../libopencm3/lib/libopencm3_stm32l0.a(pwr_common_v2.o)
 .debug_macro   0x00000000       0x6a ../libopencm3/lib/libopencm3_stm32l0.a(pwr_common_v2.o)
 .debug_macro   0x00000000      0x1df ../libopencm3/lib/libopencm3_stm32l0.a(pwr_common_v2.o)
 .debug_macro   0x00000000       0x22 ../libopencm3/lib/libopencm3_stm32l0.a(pwr_common_v2.o)
 .debug_macro   0x00000000       0xe8 ../libopencm3/lib/libopencm3_stm32l0.a(pwr_common_v2.o)
 .debug_macro   0x00000000       0x52 ../libopencm3/lib/libopencm3_stm32l0.a(pwr_common_v2.o)
 .debug_macro   0x00000000      0x166 ../libopencm3/lib/libopencm3_stm32l0.a(pwr_common_v2.o)
 .debug_macro   0x00000000       0x8e ../libopencm3/lib/libopencm3_stm32l0.a(pwr_common_v2.o)
 .debug_macro   0x00000000       0x58 ../libopencm3/lib/libopencm3_stm32l0.a(pwr_common_v2.o)
 .debug_macro   0x00000000      0x903 ../libopencm3/lib/libopencm3_stm32l0.a(pwr_common_v2.o)
 .group         0x00000000        0xc ../libopencm3/lib/libopencm3_stm32l0.a(rcc.o)
 .group         0x00000000        0xc ../libopencm3/lib/libopencm3_stm32l0.a(rcc.o)
 .group         0x00000000        0xc ../libopencm3/lib/libopencm3_stm32l0.a(rcc.o)
 .group         0x00000000        0xc ../libopencm3/lib/libopencm3_stm32l0.a(rcc.o)
 .group         0x00000000        0xc ../libopencm3/lib/libopencm3_stm32l0.a(rcc.o)
 .group         0x00000000        0xc ../libopencm3/lib/libopencm3_stm32l0.a(rcc.o)
 .group         0x00000000        0xc ../libopencm3/lib/libopencm3_stm32l0.a(rcc.o)
 .group         0x00000000        0xc ../libopencm3/lib/libopencm3_stm32l0.a(rcc.o)
 .group         0x00000000        0xc ../libopencm3/lib/libopencm3_stm32l0.a(rcc.o)
 .group         0x00000000        0xc ../libopencm3/lib/libopencm3_stm32l0.a(rcc.o)
 .group         0x00000000        0xc ../libopencm3/lib/libopencm3_stm32l0.a(rcc.o)
 .group         0x00000000        0xc ../libopencm3/lib/libopencm3_stm32l0.a(rcc.o)
 .group         0x00000000        0xc ../libopencm3/lib/libopencm3_stm32l0.a(rcc.o)
 .group         0x00000000        0xc ../libopencm3/lib/libopencm3_stm32l0.a(rcc.o)
 .group         0x00000000        0xc ../libopencm3/lib/libopencm3_stm32l0.a(rcc.o)
 .group         0x00000000        0xc ../libopencm3/lib/libopencm3_stm32l0.a(rcc.o)
 .group         0x00000000        0xc ../libopencm3/lib/libopencm3_stm32l0.a(rcc.o)
 .group         0x00000000        0xc ../libopencm3/lib/libopencm3_stm32l0.a(rcc.o)
 .text          0x00000000        0x0 ../libopencm3/lib/libopencm3_stm32l0.a(rcc.o)
 .data          0x00000000        0x0 ../libopencm3/lib/libopencm3_stm32l0.a(rcc.o)
 .bss           0x00000000        0x0 ../libopencm3/lib/libopencm3_stm32l0.a(rcc.o)
 .text.rcc_uart_i2c_clksel_freq_hz
                0x00000000       0x44 ../libopencm3/lib/libopencm3_stm32l0.a(rcc.o)
 .text.rcc_osc_ready_int_clear
                0x00000000       0x3c ../libopencm3/lib/libopencm3_stm32l0.a(rcc.o)
 .text.rcc_osc_ready_int_enable
                0x00000000       0x3c ../libopencm3/lib/libopencm3_stm32l0.a(rcc.o)
 .text.rcc_osc_ready_int_disable
                0x00000000       0x3c ../libopencm3/lib/libopencm3_stm32l0.a(rcc.o)
 .text.rcc_osc_ready_int_flag
                0x00000000       0x4c ../libopencm3/lib/libopencm3_stm32l0.a(rcc.o)
 .text.rcc_set_hsi48_source_rc48
                0x00000000       0x14 ../libopencm3/lib/libopencm3_stm32l0.a(rcc.o)
 .text.rcc_set_hsi48_source_pll
                0x00000000       0x14 ../libopencm3/lib/libopencm3_stm32l0.a(rcc.o)
 .text.rcc_set_msi_range
                0x00000000       0x18 ../libopencm3/lib/libopencm3_stm32l0.a(rcc.o)
 .text.rcc_set_lptim1_sel
                0x00000000       0x1c ../libopencm3/lib/libopencm3_stm32l0.a(rcc.o)
 .text.rcc_set_lpuart1_sel
                0x00000000       0x1c ../libopencm3/lib/libopencm3_stm32l0.a(rcc.o)
 .text.rcc_set_usart1_sel
                0x00000000       0x18 ../libopencm3/lib/libopencm3_stm32l0.a(rcc.o)
 .text.rcc_set_usart2_sel
                0x00000000       0x18 ../libopencm3/lib/libopencm3_stm32l0.a(rcc.o)
 .text.rcc_set_peripheral_clk_sel
                0x00000000       0x70 ../libopencm3/lib/libopencm3_stm32l0.a(rcc.o)
 .text.rcc_get_usart_clk_freq
                0x00000000       0x38 ../libopencm3/lib/libopencm3_stm32l0.a(rcc.o)
 .text.rcc_get_timer_clk_freq
                0x00000000       0x34 ../libopencm3/lib/libopencm3_stm32l0.a(rcc.o)
 .text.rcc_get_i2c_clk_freq
                0x00000000       0x2c ../libopencm3/lib/libopencm3_stm32l0.a(rcc.o)
 .text.rcc_get_spi_clk_freq
                0x00000000       0x1c ../libopencm3/lib/libopencm3_stm32l0.a(rcc.o)
 .text.rcc_clock_setup_pll
                0x00000000       0xac ../libopencm3/lib/libopencm3_stm32l0.a(rcc.o)
 .data.rcc_apb2_frequency
                0x00000000        0x4 ../libopencm3/lib/libopencm3_stm32l0.a(rcc.o)
 .data.rcc_apb1_frequency
                0x00000000        0x4 ../libopencm3/lib/libopencm3_stm32l0.a(rcc.o)
 .data.rcc_ahb_frequency
                0x00000000        0x4 ../libopencm3/lib/libopencm3_stm32l0.a(rcc.o)
 .debug_macro   0x00000000      0xaa2 ../libopencm3/lib/libopencm3_stm32l0.a(rcc.o)
 .debug_macro   0x00000000       0x1c ../libopencm3/lib/libopencm3_stm32l0.a(rcc.o)
 .debug_macro   0x00000000       0x22 ../libopencm3/lib/libopencm3_stm32l0.a(rcc.o)
 .debug_macro   0x00000000       0x56 ../libopencm3/lib/libopencm3_stm32l0.a(rcc.o)
 .debug_macro   0x00000000       0x51 ../libopencm3/lib/libopencm3_stm32l0.a(rcc.o)
 .debug_macro   0x00000000      0x103 ../libopencm3/lib/libopencm3_stm32l0.a(rcc.o)
 .debug_macro   0x00000000       0x6a ../libopencm3/lib/libopencm3_stm32l0.a(rcc.o)
 .debug_macro   0x00000000      0x1df ../libopencm3/lib/libopencm3_stm32l0.a(rcc.o)
 .debug_macro   0x00000000       0x22 ../libopencm3/lib/libopencm3_stm32l0.a(rcc.o)
 .debug_macro   0x00000000       0xe8 ../libopencm3/lib/libopencm3_stm32l0.a(rcc.o)
 .debug_macro   0x00000000       0x52 ../libopencm3/lib/libopencm3_stm32l0.a(rcc.o)
 .debug_macro   0x00000000      0x166 ../libopencm3/lib/libopencm3_stm32l0.a(rcc.o)
 .debug_macro   0x00000000      0x166 ../libopencm3/lib/libopencm3_stm32l0.a(rcc.o)
 .debug_macro   0x00000000       0x46 ../libopencm3/lib/libopencm3_stm32l0.a(rcc.o)
 .debug_macro   0x00000000       0x8e ../libopencm3/lib/libopencm3_stm32l0.a(rcc.o)
 .debug_macro   0x00000000       0x58 ../libopencm3/lib/libopencm3_stm32l0.a(rcc.o)
 .debug_macro   0x00000000      0x903 ../libopencm3/lib/libopencm3_stm32l0.a(rcc.o)
 .group         0x00000000        0xc ../libopencm3/lib/libopencm3_stm32l0.a(rcc_common_all.o)
 .group         0x00000000        0xc ../libopencm3/lib/libopencm3_stm32l0.a(rcc_common_all.o)
 .group         0x00000000        0xc ../libopencm3/lib/libopencm3_stm32l0.a(rcc_common_all.o)
 .group         0x00000000        0xc ../libopencm3/lib/libopencm3_stm32l0.a(rcc_common_all.o)
 .group         0x00000000        0xc ../libopencm3/lib/libopencm3_stm32l0.a(rcc_common_all.o)
 .group         0x00000000        0xc ../libopencm3/lib/libopencm3_stm32l0.a(rcc_common_all.o)
 .group         0x00000000        0xc ../libopencm3/lib/libopencm3_stm32l0.a(rcc_common_all.o)
 .group         0x00000000        0xc ../libopencm3/lib/libopencm3_stm32l0.a(rcc_common_all.o)
 .group         0x00000000        0xc ../libopencm3/lib/libopencm3_stm32l0.a(rcc_common_all.o)
 .group         0x00000000        0xc ../libopencm3/lib/libopencm3_stm32l0.a(rcc_common_all.o)
 .group         0x00000000        0xc ../libopencm3/lib/libopencm3_stm32l0.a(rcc_common_all.o)
 .group         0x00000000        0xc ../libopencm3/lib/libopencm3_stm32l0.a(rcc_common_all.o)
 .group         0x00000000        0xc ../libopencm3/lib/libopencm3_stm32l0.a(rcc_common_all.o)
 .group         0x00000000        0xc ../libopencm3/lib/libopencm3_stm32l0.a(rcc_common_all.o)
 .group         0x00000000        0xc ../libopencm3/lib/libopencm3_stm32l0.a(rcc_common_all.o)
 .text          0x00000000        0x0 ../libopencm3/lib/libopencm3_stm32l0.a(rcc_common_all.o)
 .data          0x00000000        0x0 ../libopencm3/lib/libopencm3_stm32l0.a(rcc_common_all.o)
 .bss           0x00000000        0x0 ../libopencm3/lib/libopencm3_stm32l0.a(rcc_common_all.o)
 .text.rcc_peripheral_enable_clock
                0x00000000        0x8 ../libopencm3/lib/libopencm3_stm32l0.a(rcc_common_all.o)
 .text.rcc_peripheral_disable_clock
                0x00000000        0x8 ../libopencm3/lib/libopencm3_stm32l0.a(rcc_common_all.o)
 .text.rcc_peripheral_reset
                0x00000000        0x8 ../libopencm3/lib/libopencm3_stm32l0.a(rcc_common_all.o)
 .text.rcc_peripheral_clear_reset
                0x00000000        0x8 ../libopencm3/lib/libopencm3_stm32l0.a(rcc_common_all.o)
 .text.rcc_periph_clock_disable
                0x00000000       0x1c ../libopencm3/lib/libopencm3_stm32l0.a(rcc_common_all.o)
 .text.rcc_periph_reset_pulse
                0x00000000       0x20 ../libopencm3/lib/libopencm3_stm32l0.a(rcc_common_all.o)
 .text.rcc_periph_reset_hold
                0x00000000        0x8 ../libopencm3/lib/libopencm3_stm32l0.a(rcc_common_all.o)
 .text.rcc_periph_reset_release
                0x00000000        0x8 ../libopencm3/lib/libopencm3_stm32l0.a(rcc_common_all.o)
 .text.rcc_set_mco
                0x00000000       0x18 ../libopencm3/lib/libopencm3_stm32l0.a(rcc_common_all.o)
 .text.rcc_osc_bypass_enable
                0x00000000       0x2c ../libopencm3/lib/libopencm3_stm32l0.a(rcc_common_all.o)
 .text.rcc_osc_bypass_disable
                0x00000000       0x30 ../libopencm3/lib/libopencm3_stm32l0.a(rcc_common_all.o)
 .text.rcc_get_div_from_hpre
                0x00000000       0x1a ../libopencm3/lib/libopencm3_stm32l0.a(rcc_common_all.o)
 .debug_macro   0x00000000      0xaa2 ../libopencm3/lib/libopencm3_stm32l0.a(rcc_common_all.o)
 .debug_macro   0x00000000       0x1c ../libopencm3/lib/libopencm3_stm32l0.a(rcc_common_all.o)
 .debug_macro   0x00000000       0x22 ../libopencm3/lib/libopencm3_stm32l0.a(rcc_common_all.o)
 .debug_macro   0x00000000       0x56 ../libopencm3/lib/libopencm3_stm32l0.a(rcc_common_all.o)
 .debug_macro   0x00000000       0x51 ../libopencm3/lib/libopencm3_stm32l0.a(rcc_common_all.o)
 .debug_macro   0x00000000      0x103 ../libopencm3/lib/libopencm3_stm32l0.a(rcc_common_all.o)
 .debug_macro   0x00000000       0x6a ../libopencm3/lib/libopencm3_stm32l0.a(rcc_common_all.o)
 .debug_macro   0x00000000      0x1df ../libopencm3/lib/libopencm3_stm32l0.a(rcc_common_all.o)
 .debug_macro   0x00000000       0x22 ../libopencm3/lib/libopencm3_stm32l0.a(rcc_common_all.o)
 .debug_macro   0x00000000       0xe8 ../libopencm3/lib/libopencm3_stm32l0.a(rcc_common_all.o)
 .debug_macro   0x00000000       0x52 ../libopencm3/lib/libopencm3_stm32l0.a(rcc_common_all.o)
 .debug_macro   0x00000000      0x166 ../libopencm3/lib/libopencm3_stm32l0.a(rcc_common_all.o)
 .debug_macro   0x00000000       0x8e ../libopencm3/lib/libopencm3_stm32l0.a(rcc_common_all.o)
 .debug_macro   0x00000000       0x58 ../libopencm3/lib/libopencm3_stm32l0.a(rcc_common_all.o)
 .debug_macro   0x00000000      0x903 ../libopencm3/lib/libopencm3_stm32l0.a(rcc_common_all.o)
 .group         0x00000000        0xc ../libopencm3/lib/libopencm3_stm32l0.a(vector.o)
 .group         0x00000000        0xc ../libopencm3/lib/libopencm3_stm32l0.a(vector.o)
 .group         0x00000000        0xc ../libopencm3/lib/libopencm3_stm32l0.a(vector.o)
 .group         0x00000000        0xc ../libopencm3/lib/libopencm3_stm32l0.a(vector.o)
 .group         0x00000000        0xc ../libopencm3/lib/libopencm3_stm32l0.a(vector.o)
 .group         0x00000000        0xc ../libopencm3/lib/libopencm3_stm32l0.a(vector.o)
 .group         0x00000000        0xc ../libopencm3/lib/libopencm3_stm32l0.a(vector.o)
 .group         0x00000000        0xc ../libopencm3/lib/libopencm3_stm32l0.a(vector.o)
 .group         0x00000000        0xc ../libopencm3/lib/libopencm3_stm32l0.a(vector.o)
 .group         0x00000000        0xc ../libopencm3/lib/libopencm3_stm32l0.a(vector.o)
 .group         0x00000000        0xc ../libopencm3/lib/libopencm3_stm32l0.a(vector.o)
 .group         0x00000000        0xc ../libopencm3/lib/libopencm3_stm32l0.a(vector.o)
 .group         0x00000000        0xc ../libopencm3/lib/libopencm3_stm32l0.a(vector.o)
 .group         0x00000000        0xc ../libopencm3/lib/libopencm3_stm32l0.a(vector.o)
 .text          0x00000000        0x0 ../libopencm3/lib/libopencm3_stm32l0.a(vector.o)
 .data          0x00000000        0x0 ../libopencm3/lib/libopencm3_stm32l0.a(vector.o)
 .bss           0x00000000        0x0 ../libopencm3/lib/libopencm3_stm32l0.a(vector.o)
 .debug_macro   0x00000000      0xaa2 ../libopencm3/lib/libopencm3_stm32l0.a(vector.o)
 .debug_macro   0x00000000       0x52 ../libopencm3/lib/libopencm3_stm32l0.a(vector.o)
 .debug_macro   0x00000000       0x1c ../libopencm3/lib/libopencm3_stm32l0.a(vector.o)
 .debug_macro   0x00000000       0x22 ../libopencm3/lib/libopencm3_stm32l0.a(vector.o)
 .debug_macro   0x00000000       0x56 ../libopencm3/lib/libopencm3_stm32l0.a(vector.o)
 .debug_macro   0x00000000       0x51 ../libopencm3/lib/libopencm3_stm32l0.a(vector.o)
 .debug_macro   0x00000000      0x103 ../libopencm3/lib/libopencm3_stm32l0.a(vector.o)
 .debug_macro   0x00000000       0x6a ../libopencm3/lib/libopencm3_stm32l0.a(vector.o)
 .debug_macro   0x00000000      0x1df ../libopencm3/lib/libopencm3_stm32l0.a(vector.o)
 .debug_macro   0x00000000       0x22 ../libopencm3/lib/libopencm3_stm32l0.a(vector.o)
 .debug_macro   0x00000000       0xe8 ../libopencm3/lib/libopencm3_stm32l0.a(vector.o)
 .debug_macro   0x00000000       0x49 ../libopencm3/lib/libopencm3_stm32l0.a(vector.o)
 .debug_macro   0x00000000       0xca ../libopencm3/lib/libopencm3_stm32l0.a(vector.o)
 .group         0x00000000        0xc ../libopencm3/lib/libopencm3_stm32l0.a(systick.o)
 .group         0x00000000        0xc ../libopencm3/lib/libopencm3_stm32l0.a(systick.o)
 .group         0x00000000        0xc ../libopencm3/lib/libopencm3_stm32l0.a(systick.o)
 .group         0x00000000        0xc ../libopencm3/lib/libopencm3_stm32l0.a(systick.o)
 .group         0x00000000        0xc ../libopencm3/lib/libopencm3_stm32l0.a(systick.o)
 .group         0x00000000        0xc ../libopencm3/lib/libopencm3_stm32l0.a(systick.o)
 .group         0x00000000        0xc ../libopencm3/lib/libopencm3_stm32l0.a(systick.o)
 .group         0x00000000        0xc ../libopencm3/lib/libopencm3_stm32l0.a(systick.o)
 .group         0x00000000        0xc ../libopencm3/lib/libopencm3_stm32l0.a(systick.o)
 .group         0x00000000        0xc ../libopencm3/lib/libopencm3_stm32l0.a(systick.o)
 .group         0x00000000        0xc ../libopencm3/lib/libopencm3_stm32l0.a(systick.o)
 .group         0x00000000        0xc ../libopencm3/lib/libopencm3_stm32l0.a(systick.o)
 .text          0x00000000        0x0 ../libopencm3/lib/libopencm3_stm32l0.a(systick.o)
 .data          0x00000000        0x0 ../libopencm3/lib/libopencm3_stm32l0.a(systick.o)
 .bss           0x00000000        0x0 ../libopencm3/lib/libopencm3_stm32l0.a(systick.o)
 .text.systick_set_reload
                0x00000000       0x10 ../libopencm3/lib/libopencm3_stm32l0.a(systick.o)
 .text.systick_get_reload
                0x00000000       0x10 ../libopencm3/lib/libopencm3_stm32l0.a(systick.o)
 .text.systick_get_value
                0x00000000       0x10 ../libopencm3/lib/libopencm3_stm32l0.a(systick.o)
 .text.systick_interrupt_disable
                0x00000000       0x10 ../libopencm3/lib/libopencm3_stm32l0.a(systick.o)
 .text.systick_counter_disable
                0x00000000       0x10 ../libopencm3/lib/libopencm3_stm32l0.a(systick.o)
 .text.systick_get_countflag
                0x00000000       0x10 ../libopencm3/lib/libopencm3_stm32l0.a(systick.o)
 .text.systick_clear
                0x00000000        0xc ../libopencm3/lib/libopencm3_stm32l0.a(systick.o)
 .text.systick_get_calib
                0x00000000       0x10 ../libopencm3/lib/libopencm3_stm32l0.a(systick.o)
 .debug_macro   0x00000000      0xaa2 ../libopencm3/lib/libopencm3_stm32l0.a(systick.o)
 .debug_macro   0x00000000       0x52 ../libopencm3/lib/libopencm3_stm32l0.a(systick.o)
 .debug_macro   0x00000000       0x1c ../libopencm3/lib/libopencm3_stm32l0.a(systick.o)
 .debug_macro   0x00000000       0x22 ../libopencm3/lib/libopencm3_stm32l0.a(systick.o)
 .debug_macro   0x00000000       0x56 ../libopencm3/lib/libopencm3_stm32l0.a(systick.o)
 .debug_macro   0x00000000       0x51 ../libopencm3/lib/libopencm3_stm32l0.a(systick.o)
 .debug_macro   0x00000000      0x103 ../libopencm3/lib/libopencm3_stm32l0.a(systick.o)
 .debug_macro   0x00000000       0x6a ../libopencm3/lib/libopencm3_stm32l0.a(systick.o)
 .debug_macro   0x00000000      0x1df ../libopencm3/lib/libopencm3_stm32l0.a(systick.o)
 .debug_macro   0x00000000       0x22 ../libopencm3/lib/libopencm3_stm32l0.a(systick.o)
 .debug_macro   0x00000000       0xe8 ../libopencm3/lib/libopencm3_stm32l0.a(systick.o)
 .group         0x00000000        0xc ../libopencm3/lib/libopencm3_stm32l0.a(assert.o)
 .group         0x00000000        0xc ../libopencm3/lib/libopencm3_stm32l0.a(assert.o)
 .group         0x00000000        0xc ../libopencm3/lib/libopencm3_stm32l0.a(assert.o)
 .group         0x00000000        0xc ../libopencm3/lib/libopencm3_stm32l0.a(assert.o)
 .group         0x00000000        0xc ../libopencm3/lib/libopencm3_stm32l0.a(assert.o)
 .group         0x00000000        0xc ../libopencm3/lib/libopencm3_stm32l0.a(assert.o)
 .group         0x00000000        0xc ../libopencm3/lib/libopencm3_stm32l0.a(assert.o)
 .group         0x00000000        0xc ../libopencm3/lib/libopencm3_stm32l0.a(assert.o)
 .group         0x00000000        0xc ../libopencm3/lib/libopencm3_stm32l0.a(assert.o)
 .group         0x00000000        0xc ../libopencm3/lib/libopencm3_stm32l0.a(assert.o)
 .group         0x00000000        0xc ../libopencm3/lib/libopencm3_stm32l0.a(assert.o)
 .text          0x00000000        0x0 ../libopencm3/lib/libopencm3_stm32l0.a(assert.o)
 .data          0x00000000        0x0 ../libopencm3/lib/libopencm3_stm32l0.a(assert.o)
 .bss           0x00000000        0x0 ../libopencm3/lib/libopencm3_stm32l0.a(assert.o)
 .text.cm3_assert_failed
                0x00000000        0x2 ../libopencm3/lib/libopencm3_stm32l0.a(assert.o)
 .text.cm3_assert_failed_verbose
                0x00000000        0x6 ../libopencm3/lib/libopencm3_stm32l0.a(assert.o)
 .debug_info    0x00000000      0x101 ../libopencm3/lib/libopencm3_stm32l0.a(assert.o)
 .debug_abbrev  0x00000000       0x94 ../libopencm3/lib/libopencm3_stm32l0.a(assert.o)
 .debug_loclists
                0x00000000       0x80 ../libopencm3/lib/libopencm3_stm32l0.a(assert.o)
 .debug_aranges
                0x00000000       0x28 ../libopencm3/lib/libopencm3_stm32l0.a(assert.o)
 .debug_rnglists
                0x00000000       0x19 ../libopencm3/lib/libopencm3_stm32l0.a(assert.o)
 .debug_macro   0x00000000       0x89 ../libopencm3/lib/libopencm3_stm32l0.a(assert.o)
 .debug_macro   0x00000000      0xaa2 ../libopencm3/lib/libopencm3_stm32l0.a(assert.o)
 .debug_macro   0x00000000       0x1c ../libopencm3/lib/libopencm3_stm32l0.a(assert.o)
 .debug_macro   0x00000000       0x22 ../libopencm3/lib/libopencm3_stm32l0.a(assert.o)
 .debug_macro   0x00000000       0x56 ../libopencm3/lib/libopencm3_stm32l0.a(assert.o)
 .debug_macro   0x00000000       0x51 ../libopencm3/lib/libopencm3_stm32l0.a(assert.o)
 .debug_macro   0x00000000      0x103 ../libopencm3/lib/libopencm3_stm32l0.a(assert.o)
 .debug_macro   0x00000000       0x6a ../libopencm3/lib/libopencm3_stm32l0.a(assert.o)
 .debug_macro   0x00000000      0x1df ../libopencm3/lib/libopencm3_stm32l0.a(assert.o)
 .debug_macro   0x00000000       0x22 ../libopencm3/lib/libopencm3_stm32l0.a(assert.o)
 .debug_macro   0x00000000       0xe8 ../libopencm3/lib/libopencm3_stm32l0.a(assert.o)
 .debug_macro   0x00000000       0x16 ../libopencm3/lib/libopencm3_stm32l0.a(assert.o)
 .debug_line    0x00000000      0x25d ../libopencm3/lib/libopencm3_stm32l0.a(assert.o)
 .debug_str     0x00000000     0x414e ../libopencm3/lib/libopencm3_stm32l0.a(assert.o)
 .comment       0x00000000       0x47 ../libopencm3/lib/libopencm3_stm32l0.a(assert.o)
 .debug_frame   0x00000000       0x38 ../libopencm3/lib/libopencm3_stm32l0.a(assert.o)
 .ARM.attributes
                0x00000000       0x2c ../libopencm3/lib/libopencm3_stm32l0.a(assert.o)
 .data          0x00000000        0x0 /Applications/ArmGNUToolchain/14.3.rel1/arm-none-eabi/bin/../lib/gcc/arm-none-eabi/14.3.1/thumb/v6-m/nofp/libgcc.a(_thumb1_case_uqi.o)
 .bss           0x00000000        0x0 /Applications/ArmGNUToolchain/14.3.rel1/arm-none-eabi/bin/../lib/gcc/arm-none-eabi/14.3.1/thumb/v6-m/nofp/libgcc.a(_thumb1_case_uqi.o)
 .data          0x00000000        0x0 /Applications/ArmGNUToolchain/14.3.rel1/arm-none-eabi/bin/../lib/gcc/arm-none-eabi/14.3.1/thumb/v6-m/nofp/libgcc.a(_udivsi3.o)
 .bss           0x00000000        0x0 /Applications/ArmGNUToolchain/14.3.rel1/arm-none-eabi/bin/../lib/gcc/arm-none-eabi/14.3.1/thumb/v6-m/nofp/libgcc.a(_udivsi3.o)
 .data          0x00000000        0x0 /Applications/ArmGNUToolchain/14.3.rel1/arm-none-eabi/bin/../lib/gcc/arm-none-eabi/14.3.1/thumb/v6-m/nofp/libgcc.a(_dvmd_tls.o)
 .bss           0x00000000        0x0 /Applications/ArmGNUToolchain/14.3.rel1/arm-none-eabi/bin/../lib/gcc/arm-none-eabi/14.3.1/thumb/v6-m/nofp/libgcc.a(_dvmd_tls.o)

Memory Configuration

Name             Origin             Length             Attributes
rom              0x08000000         0x00010000         xr
ram              0x20000000         0x00002000         xrw
*default*        0x00000000         0xffffffff

Linker script and memory map

LOAD src/firmware_application.o
LOAD src/firmware_bootloader.o
LOAD ../shared/src/core/system.o
LOAD ../libopencm3/lib/libopencm3_stm32l0.a
START GROUP
LOAD /Applications/ArmGNUToolchain/14.3.rel1/arm-none-eabi/bin/../lib/gcc/arm-none-eabi/14.3.1/../../../../arm-none-eabi/lib/thumb/v6-m/nofp/libc.a
LOAD /Applications/ArmGNUToolchain/14.3.rel1/arm-none-eabi/bin/../lib/gcc/arm-none-eabi/14.3.1/thumb/v6-m/nofp/libgcc.a
LOAD /Applications/ArmGNUToolchain/14.3.rel1/arm-none-eabi/bin/../lib/gcc/arm-none-eabi/14.3.1/../../../../arm-none-eabi/lib/thumb/v6-m/nofp/libnosys.a
END GROUP
START GROUP
LOAD /Applications/ArmGNUToolchain/14.3.rel1/arm-none-eabi/bin/../lib/gcc/arm-none-eabi/14.3.1/thumb/v6-m/nofp/libgcc.a
LOAD /Applications/ArmGNUToolchain/14.3.rel1/arm-none-eabi/bin/../lib/gcc/arm-none-eabi/14.3.1/../../../../arm-none-eabi/lib/thumb/v6-m/nofp/libg.a
LOAD /Applications/ArmGNUToolchain/14.3.rel1/arm-none-eabi/bin/../lib/gcc/arm-none-eabi/14.3.1/../../../../arm-none-eabi/lib/thumb/v6-m/nofp/libc.a
END GROUP

.text           0x08000000     0x8684
 *(.firmware_bootloader_section)
 .firmware_bootloader_section
                0x08000000     0x8000 src/firmware_bootloader.o
 *(.vectors)
 .vectors       0x08008000       0xc0 ../libopencm3/lib/libopencm3_stm32l0.a(vector.o)
                0x08008000                vector_table
 *(.text*)
 .text.startup.main
                0x080080c0       0x50 src/firmware_application.o
                0x080080c0                main
 .text.sys_tick_handler
                0x08008110       0x10 ../shared/src/core/system.o
                0x08008110                sys_tick_handler
 .text.system_get_ticks
                0x08008120        0xc ../shared/src/core/system.o
                0x08008120                system_get_ticks
 .text.system_setup
                0x0800812c       0x98 ../shared/src/core/system.o
                0x0800812c                system_setup
 .text.flash_prefetch_enable
                0x080081c4       0x10 ../libopencm3/lib/libopencm3_stm32l0.a(flash_common_all.o)
                0x080081c4                flash_prefetch_enable
 .text.flash_set_ws
                0x080081d4       0x14 ../libopencm3/lib/libopencm3_stm32l0.a(flash_common_all.o)
                0x080081d4                flash_set_ws
 .text.gpio_toggle
                0x080081e8       0x10 ../libopencm3/lib/libopencm3_stm32l0.a(gpio_common_all.o)
                0x080081e8                gpio_toggle
 .text.gpio_mode_setup
                0x080081f8       0x40 ../libopencm3/lib/libopencm3_stm32l0.a(gpio_common_f0234.o)
                0x080081f8                gpio_mode_setup
 .text.pwr_set_vos_scale
                0x08008238       0x34 ../libopencm3/lib/libopencm3_stm32l0.a(pwr_common_v2.o)
                0x08008238                pwr_set_vos_scale
 .text.rcc_osc_on
                0x0800826c       0x54 ../libopencm3/lib/libopencm3_stm32l0.a(rcc.o)
                0x0800826c                rcc_osc_on
 .text.rcc_osc_off
                0x080082c0       0x5c ../libopencm3/lib/libopencm3_stm32l0.a(rcc.o)
                0x080082c0                rcc_osc_off
 .text.rcc_is_osc_ready
                0x0800831c       0x54 ../libopencm3/lib/libopencm3_stm32l0.a(rcc.o)
                0x0800831c                rcc_is_osc_ready
 .text.rcc_wait_for_osc_ready
                0x08008370       0x10 ../libopencm3/lib/libopencm3_stm32l0.a(rcc.o)
                0x08008370                rcc_wait_for_osc_ready
 .text.rcc_set_sysclk_source
                0x08008380       0x48 ../libopencm3/lib/libopencm3_stm32l0.a(rcc.o)
                0x08008380                rcc_set_sysclk_source
 .text.rcc_set_pll_multiplier
                0x080083c8       0x18 ../libopencm3/lib/libopencm3_stm32l0.a(rcc.o)
                0x080083c8                rcc_set_pll_multiplier
 .text.rcc_set_pll_divider
                0x080083e0       0x18 ../libopencm3/lib/libopencm3_stm32l0.a(rcc.o)
                0x080083e0                rcc_set_pll_divider
 .text.rcc_set_pll_source
                0x080083f8       0x18 ../libopencm3/lib/libopencm3_stm32l0.a(rcc.o)
                0x080083f8                rcc_set_pll_source
 .text.rcc_set_ppre1
                0x08008410       0x18 ../libopencm3/lib/libopencm3_stm32l0.a(rcc.o)
                0x08008410                rcc_set_ppre1
 .text.rcc_set_ppre2
                0x08008428       0x18 ../libopencm3/lib/libopencm3_stm32l0.a(rcc.o)
                0x08008428                rcc_set_ppre2
 .text.rcc_set_hpre
                0x08008440       0x14 ../libopencm3/lib/libopencm3_stm32l0.a(rcc.o)
                0x08008440                rcc_set_hpre
 .text.rcc_periph_clock_enable
                0x08008454       0x1c ../libopencm3/lib/libopencm3_stm32l0.a(rcc_common_all.o)
                0x08008454                rcc_periph_clock_enable
 .text.blocking_handler
                0x08008470        0x2 ../libopencm3/lib/libopencm3_stm32l0.a(vector.o)
                0x08008470                exti0_1_isr
                0x08008470                tim7_isr
                0x08008470                blocking_handler
                0x08008470                tsc_isr
                0x08008470                spi1_isr
                0x08008470                i2c1_isr
                0x08008470                i2c2_isr
                0x08008470                tim21_isr
                0x08008470                usart1_isr
                0x08008470                i2c3_isr
                0x08008470                reserved4_isr
                0x08008470                exti2_3_isr
                0x08008470                lptim1_isr
                0x08008470                pvd_isr
                0x08008470                rcc_isr
                0x08008470                flash_isr
                0x08008470                hard_fault_handler
                0x08008470                spi2_isr
                0x08008470                lpuart1_aes_rng_isr
                0x08008470                usb_isr
                0x08008470                tim3_isr
                0x08008470                usart2_isr
                0x08008470                adc_comp_isr
                0x08008470                dma1_channel1_isr
                0x08008470                tim6_dac_isr
                0x08008470                lcd_isr
                0x08008470                dma1_channel2_3_isr
                0x08008470                tim22_isr
                0x08008470                exti4_15_isr
                0x08008470                usart4_5_isr
                0x08008470                wwdg_isr
                0x08008470                tim2_isr
                0x08008470                dma1_channel4_5_isr
                0x08008470                rtc_isr
 .text.null_handler
                0x08008472        0x2 ../libopencm3/lib/libopencm3_stm32l0.a(vector.o)
                0x08008472                null_handler
                0x08008472                sv_call_handler
                0x08008472                pend_sv_handler
                0x08008472                nmi_handler
 .text.reset_handler
                0x08008474       0x88 ../libopencm3/lib/libopencm3_stm32l0.a(vector.o)
                0x08008474                reset_handler
 .text.systick_set_clocksource
                0x080084fc       0x14 ../libopencm3/lib/libopencm3_stm32l0.a(systick.o)
                0x080084fc                systick_set_clocksource
 .text.systick_set_frequency
                0x08008510       0x28 ../libopencm3/lib/libopencm3_stm32l0.a(systick.o)
                0x08008510                systick_set_frequency
 .text.systick_interrupt_enable
                0x08008538       0x10 ../libopencm3/lib/libopencm3_stm32l0.a(systick.o)
                0x08008538                systick_interrupt_enable
 .text.systick_counter_enable
                0x08008548       0x10 ../libopencm3/lib/libopencm3_stm32l0.a(systick.o)
                0x08008548                systick_counter_enable
 .text          0x08008558       0x14 /Applications/ArmGNUToolchain/14.3.rel1/arm-none-eabi/bin/../lib/gcc/arm-none-eabi/14.3.1/thumb/v6-m/nofp/libgcc.a(_thumb1_case_uqi.o)
                0x08008558                __gnu_thumb1_case_uqi
 .text          0x0800856c      0x114 /Applications/ArmGNUToolchain/14.3.rel1/arm-none-eabi/bin/../lib/gcc/arm-none-eabi/14.3.1/thumb/v6-m/nofp/libgcc.a(_udivsi3.o)
                0x0800856c                __udivsi3
                0x0800856c                __aeabi_uidiv
                0x08008678                __aeabi_uidivmod
 .text          0x08008680        0x4 /Applications/ArmGNUToolchain/14.3.rel1/arm-none-eabi/bin/../lib/gcc/arm-none-eabi/14.3.1/thumb/v6-m/nofp/libgcc.a(_dvmd_tls.o)
                0x08008680                __aeabi_ldiv0
                0x08008680                __aeabi_idiv0
                0x08008684                        . = ALIGN (0x4)
 *(.rodata*)
                0x08008684                        . = ALIGN (0x4)

.glue_7         0x08008684        0x0
 .glue_7        0x08008684        0x0 linker stubs

.glue_7t        0x08008684        0x0
 .glue_7t       0x08008684        0x0 linker stubs

.vfp11_veneer   0x08008684        0x0
 .vfp11_veneer  0x08008684        0x0 linker stubs

.v4_bx          0x08008684        0x0
 .v4_bx         0x08008684        0x0 linker stubs

.iplt           0x08008684        0x0
 .iplt          0x08008684        0x0 src/firmware_application.o

.rel.dyn        0x08008684        0x0
 .rel.iplt      0x08008684        0x0 src/firmware_application.o

.preinit_array  0x08008684        0x0
                0x08008684                        . = ALIGN (0x4)
                0x08008684                        __preinit_array_start = .
 *(.preinit_array)
                0x08008684                        __preinit_array_end = .

.init_array     0x08008684        0x0
                0x08008684                        . = ALIGN (0x4)
                0x08008684                        __init_array_start = .
 *(SORT_BY_NAME(.init_array.*))
 *(.init_array)
                0x08008684                        __init_array_end = .

.fini_array     0x08008684        0x0
                0x08008684                        . = ALIGN (0x4)
                0x08008684                        __fini_array_start = .
 *(.fini_array)
 *(SORT_BY_NAME(.fini_array.*))
                0x08008684                        __fini_array_end = .

.ARM.extab
 *(.ARM.extab*)

.ARM.exidx      0x08008684        0x0
                0x08008684                        __exidx_start = .
 *(.ARM.exidx*)
                0x08008684                        __exidx_end = .
                0x08008684                        . = ALIGN (0x4)
                0x08008684                        _etext = .

.noinit
 *(.noinit*)
                0x08008684                        . = ALIGN (0x4)

.data           0x20000000        0x0 load address 0x08008684
                0x20000000                        _data = .
 *(.data*)
 *(.ramtext*)
                0x20000000                        . = ALIGN (0x4)
                0x20000000                        _edata = .
                0x08008684                        _data_loadaddr = LOADADDR (.data)

.igot.plt       0x20000000        0x0 load address 0x08008684
 .igot.plt      0x20000000        0x0 src/firmware_application.o

.bss            0x20000000        0x4 load address 0x08008684
 *(.bss*)
 .bss.ticks     0x20000000        0x4 ../shared/src/core/system.o
 *(COMMON)
                0x20000004                        . = ALIGN (0x4)
                0x20000004                        _ebss = .

/DISCARD/
 *(.eh_frame)
                0x20000004                        . = ALIGN (0x4)
                0x20000004                        end = .
                0x20002000                        PROVIDE (_stack = (ORIGIN (ram) + LENGTH (ram)))
OUTPUT(firmware_application.elf elf32-littlearm)
LOAD linker stubs

.debug_info     0x00000000     0x2905
 .debug_info    0x00000000      0x427 src/firmware_application.o
 .debug_info    0x00000427      0x72b ../shared/src/core/system.o
 .debug_info    0x00000b52       0xf1 ../libopencm3/lib/libopencm3_stm32l0.a(flash_common_all.o)
 .debug_info    0x00000c43      0x256 ../libopencm3/lib/libopencm3_stm32l0.a(gpio_common_all.o)
 .debug_info    0x00000e99      0x23e ../libopencm3/lib/libopencm3_stm32l0.a(gpio_common_f0234.o)
 .debug_info    0x000010d7       0xe3 ../libopencm3/lib/libopencm3_stm32l0.a(pwr_common_v2.o)
 .debug_info    0x000011ba      0xbf4 ../libopencm3/lib/libopencm3_stm32l0.a(rcc.o)
 .debug_info    0x00001dae      0x651 ../libopencm3/lib/libopencm3_stm32l0.a(rcc_common_all.o)
 .debug_info    0x000023ff      0x2c3 ../libopencm3/lib/libopencm3_stm32l0.a(vector.o)
 .debug_info    0x000026c2      0x243 ../libopencm3/lib/libopencm3_stm32l0.a(systick.o)

.debug_abbrev   0x00000000      0xda4
 .debug_abbrev  0x00000000      0x14a src/firmware_application.o
 .debug_abbrev  0x0000014a      0x1e2 ../shared/src/core/system.o
 .debug_abbrev  0x0000032c       0x96 ../libopencm3/lib/libopencm3_stm32l0.a(flash_common_all.o)
 .debug_abbrev  0x000003c2      0x115 ../libopencm3/lib/libopencm3_stm32l0.a(gpio_common_all.o)
 .debug_abbrev  0x000004d7       0xc3 ../libopencm3/lib/libopencm3_stm32l0.a(gpio_common_f0234.o)
 .debug_abbrev  0x0000059a       0x97 ../libopencm3/lib/libopencm3_stm32l0.a(pwr_common_v2.o)
 .debug_abbrev  0x00000631      0x349 ../libopencm3/lib/libopencm3_stm32l0.a(rcc.o)
 .debug_abbrev  0x0000097a      0x174 ../libopencm3/lib/libopencm3_stm32l0.a(rcc_common_all.o)
 .debug_abbrev  0x00000aee      0x149 ../libopencm3/lib/libopencm3_stm32l0.a(vector.o)
 .debug_abbrev  0x00000c37      0x16d ../libopencm3/lib/libopencm3_stm32l0.a(systick.o)

.debug_loclists
                0x00000000      0xa02
 .debug_loclists
                0x00000000       0x20 src/firmware_application.o
 .debug_loclists
                0x00000020       0x17 ../libopencm3/lib/libopencm3_stm32l0.a(flash_common_all.o)
 .debug_loclists
                0x00000037       0x96 ../libopencm3/lib/libopencm3_stm32l0.a(gpio_common_all.o)
 .debug_loclists
                0x000000cd      0x195 ../libopencm3/lib/libopencm3_stm32l0.a(gpio_common_f0234.o)
 .debug_loclists
                0x00000262       0x34 ../libopencm3/lib/libopencm3_stm32l0.a(pwr_common_v2.o)
 .debug_loclists
                0x00000296      0x57c ../libopencm3/lib/libopencm3_stm32l0.a(rcc.o)
 .debug_loclists
                0x00000812       0xa4 ../libopencm3/lib/libopencm3_stm32l0.a(rcc_common_all.o)
 .debug_loclists
                0x000008b6       0xa1 ../libopencm3/lib/libopencm3_stm32l0.a(vector.o)
 .debug_loclists
                0x00000957       0xab ../libopencm3/lib/libopencm3_stm32l0.a(systick.o)

.debug_aranges  0x00000000      0x350
 .debug_aranges
                0x00000000       0x20 src/firmware_application.o
 .debug_aranges
                0x00000020       0x30 ../shared/src/core/system.o
 .debug_aranges
                0x00000050       0x38 ../libopencm3/lib/libopencm3_stm32l0.a(flash_common_all.o)
 .debug_aranges
                0x00000088       0x50 ../libopencm3/lib/libopencm3_stm32l0.a(gpio_common_all.o)
 .debug_aranges
                0x000000d8       0x30 ../libopencm3/lib/libopencm3_stm32l0.a(gpio_common_f0234.o)
 .debug_aranges
                0x00000108       0x20 ../libopencm3/lib/libopencm3_stm32l0.a(pwr_common_v2.o)
 .debug_aranges
                0x00000128      0x100 ../libopencm3/lib/libopencm3_stm32l0.a(rcc.o)
 .debug_aranges
                0x00000228       0x80 ../libopencm3/lib/libopencm3_stm32l0.a(rcc_common_all.o)
 .debug_aranges
                0x000002a8       0x30 ../libopencm3/lib/libopencm3_stm32l0.a(vector.o)
 .debug_aranges
                0x000002d8       0x78 ../libopencm3/lib/libopencm3_stm32l0.a(systick.o)

.debug_rnglists
                0x00000000      0x2a1
 .debug_rnglists
                0x00000000       0x1f src/firmware_application.o
 .debug_rnglists
                0x0000001f       0x38 ../shared/src/core/system.o
 .debug_rnglists
                0x00000057       0x25 ../libopencm3/lib/libopencm3_stm32l0.a(flash_common_all.o)
 .debug_rnglists
                0x0000007c       0x37 ../libopencm3/lib/libopencm3_stm32l0.a(gpio_common_all.o)
 .debug_rnglists
                0x000000b3       0x1f ../libopencm3/lib/libopencm3_stm32l0.a(gpio_common_f0234.o)
 .debug_rnglists
                0x000000d2       0x13 ../libopencm3/lib/libopencm3_stm32l0.a(pwr_common_v2.o)
 .debug_rnglists
                0x000000e5       0xe0 ../libopencm3/lib/libopencm3_stm32l0.a(rcc.o)
 .debug_rnglists
                0x000001c5       0x5b ../libopencm3/lib/libopencm3_stm32l0.a(rcc_common_all.o)
 .debug_rnglists
                0x00000220       0x20 ../libopencm3/lib/libopencm3_stm32l0.a(vector.o)
 .debug_rnglists
                0x00000240       0x61 ../libopencm3/lib/libopencm3_stm32l0.a(systick.o)

.debug_macro    0x00000000     0x3cca
 .debug_macro   0x00000000      0x13d src/firmware_application.o
 .debug_macro   0x0000013d      0xaae src/firmware_application.o
 .debug_macro   0x00000beb       0x22 src/firmware_application.o
 .debug_macro   0x00000c0d       0x56 src/firmware_application.o
 .debug_macro   0x00000c63       0x51 src/firmware_application.o
 .debug_macro   0x00000cb4      0x103 src/firmware_application.o
 .debug_macro   0x00000db7       0x6a src/firmware_application.o
 .debug_macro   0x00000e21      0x1df src/firmware_application.o
 .debug_macro   0x00001000       0x22 src/firmware_application.o
 .debug_macro   0x00001022       0x10 src/firmware_application.o
 .debug_macro   0x00001032      0x100 src/firmware_application.o
 .debug_macro   0x00001132       0x52 src/firmware_application.o
 .debug_macro   0x00001184      0x166 src/firmware_application.o
 .debug_macro   0x000012ea       0x8e src/firmware_application.o
 .debug_macro   0x00001378       0x58 src/firmware_application.o
 .debug_macro   0x000013d0      0x903 src/firmware_application.o
 .debug_macro   0x00001cd3       0x76 src/firmware_application.o
 .debug_macro   0x00001d49      0x37e src/firmware_application.o
 .debug_macro   0x000020c7       0xca src/firmware_application.o
 .debug_macro   0x00002191       0x46 src/firmware_application.o
 .debug_macro   0x000021d7      0x1a5 src/firmware_application.o
 .debug_macro   0x0000237c      0x14c ../shared/src/core/system.o
 .debug_macro   0x000024c8      0x166 ../shared/src/core/system.o
 .debug_macro   0x0000262e       0x46 ../shared/src/core/system.o
 .debug_macro   0x00002674       0x6f ../shared/src/core/system.o
 .debug_macro   0x000026e3       0x49 ../shared/src/core/system.o
 .debug_macro   0x0000272c       0xca ../shared/src/core/system.o
 .debug_macro   0x000027f6       0xbc ../libopencm3/lib/libopencm3_stm32l0.a(flash_common_all.o)
 .debug_macro   0x000028b2      0xaa2 ../libopencm3/lib/libopencm3_stm32l0.a(flash_common_all.o)
 .debug_macro   0x00003354       0x1c ../libopencm3/lib/libopencm3_stm32l0.a(flash_common_all.o)
 .debug_macro   0x00003370       0x56 ../libopencm3/lib/libopencm3_stm32l0.a(flash_common_all.o)
 .debug_macro   0x000033c6       0xe8 ../libopencm3/lib/libopencm3_stm32l0.a(flash_common_all.o)
 .debug_macro   0x000034ae       0xd6 ../libopencm3/lib/libopencm3_stm32l0.a(gpio_common_all.o)
 .debug_macro   0x00003584       0xd6 ../libopencm3/lib/libopencm3_stm32l0.a(gpio_common_f0234.o)
 .debug_macro   0x0000365a       0xe4 ../libopencm3/lib/libopencm3_stm32l0.a(pwr_common_v2.o)
 .debug_macro   0x0000373e      0x113 ../libopencm3/lib/libopencm3_stm32l0.a(rcc.o)
 .debug_macro   0x00003851       0x16 ../libopencm3/lib/libopencm3_stm32l0.a(rcc.o)
 .debug_macro   0x00003867       0xfa ../libopencm3/lib/libopencm3_stm32l0.a(rcc_common_all.o)
 .debug_macro   0x00003961       0xcf ../libopencm3/lib/libopencm3_stm32l0.a(vector.o)
 .debug_macro   0x00003a30      0x19f ../libopencm3/lib/libopencm3_stm32l0.a(vector.o)
 .debug_macro   0x00003bcf       0x92 ../libopencm3/lib/libopencm3_stm32l0.a(systick.o)
 .debug_macro   0x00003c61       0x69 ../libopencm3/lib/libopencm3_stm32l0.a(systick.o)

.debug_line     0x00000000     0x331e
 .debug_line    0x00000000      0x43c src/firmware_application.o
 .debug_line    0x0000043c      0x4fd ../shared/src/core/system.o
 .debug_line    0x00000939      0x3b4 ../libopencm3/lib/libopencm3_stm32l0.a(flash_common_all.o)
 .debug_line    0x00000ced      0x448 ../libopencm3/lib/libopencm3_stm32l0.a(gpio_common_all.o)
 .debug_line    0x00001135      0x526 ../libopencm3/lib/libopencm3_stm32l0.a(gpio_common_f0234.o)
 .debug_line    0x0000165b      0x375 ../libopencm3/lib/libopencm3_stm32l0.a(pwr_common_v2.o)
 .debug_line    0x000019d0      0xbef ../libopencm3/lib/libopencm3_stm32l0.a(rcc.o)
 .debug_line    0x000025bf      0x525 ../libopencm3/lib/libopencm3_stm32l0.a(rcc_common_all.o)
 .debug_line    0x00002ae4      0x40b ../libopencm3/lib/libopencm3_stm32l0.a(vector.o)
 .debug_line    0x00002eef      0x42f ../libopencm3/lib/libopencm3_stm32l0.a(systick.o)

.debug_str      0x00000000     0xb5c9
 .debug_str     0x00000000     0xb5c9 src/firmware_application.o
                               0x9627 (size before relaxing)
 .debug_str     0x0000b5c9     0x8ac8 ../shared/src/core/system.o
 .debug_str     0x0000b5c9     0x5474 ../libopencm3/lib/libopencm3_stm32l0.a(flash_common_all.o)
 .debug_str     0x0000b5c9     0x6044 ../libopencm3/lib/libopencm3_stm32l0.a(gpio_common_all.o)
 .debug_str     0x0000b5c9     0x6066 ../libopencm3/lib/libopencm3_stm32l0.a(gpio_common_f0234.o)
 .debug_str     0x0000b5c9     0x7544 ../libopencm3/lib/libopencm3_stm32l0.a(pwr_common_v2.o)
 .debug_str     0x0000b5c9     0x8666 ../libopencm3/lib/libopencm3_stm32l0.a(rcc.o)
 .debug_str     0x0000b5c9     0x7b73 ../libopencm3/lib/libopencm3_stm32l0.a(rcc_common_all.o)
 .debug_str     0x0000b5c9     0x542e ../libopencm3/lib/libopencm3_stm32l0.a(vector.o)
 .debug_str     0x0000b5c9     0x451c ../libopencm3/lib/libopencm3_stm32l0.a(systick.o)

.comment        0x00000000       0x46
 .comment       0x00000000       0x46 src/firmware_application.o
                                 0x47 (size before relaxing)
 .comment       0x00000046       0x47 ../shared/src/core/system.o
 .comment       0x00000046       0x47 ../libopencm3/lib/libopencm3_stm32l0.a(flash_common_all.o)
 .comment       0x00000046       0x47 ../libopencm3/lib/libopencm3_stm32l0.a(gpio_common_all.o)
 .comment       0x00000046       0x47 ../libopencm3/lib/libopencm3_stm32l0.a(gpio_common_f0234.o)
 .comment       0x00000046       0x47 ../libopencm3/lib/libopencm3_stm32l0.a(pwr_common_v2.o)
 .comment       0x00000046       0x47 ../libopencm3/lib/libopencm3_stm32l0.a(rcc.o)
 .comment       0x00000046       0x47 ../libopencm3/lib/libopencm3_stm32l0.a(rcc_common_all.o)
 .comment       0x00000046       0x47 ../libopencm3/lib/libopencm3_stm32l0.a(vector.o)
 .comment       0x00000046       0x47 ../libopencm3/lib/libopencm3_stm32l0.a(systick.o)

.ARM.attributes
                0x00000000       0x2a
 .ARM.attributes
                0x00000000       0x2c src/firmware_application.o
 .ARM.attributes
                0x0000002c       0x2c ../shared/src/core/system.o
 .ARM.attributes
                0x00000058       0x2c ../libopencm3/lib/libopencm3_stm32l0.a(flash_common_all.o)
 .ARM.attributes
                0x00000084       0x2c ../libopencm3/lib/libopencm3_stm32l0.a(gpio_common_all.o)
 .ARM.attributes
                0x000000b0       0x2c ../libopencm3/lib/libopencm3_stm32l0.a(gpio_common_f0234.o)
 .ARM.attributes
                0x000000dc       0x2c ../libopencm3/lib/libopencm3_stm32l0.a(pwr_common_v2.o)
 .ARM.attributes
                0x00000108       0x2c ../libopencm3/lib/libopencm3_stm32l0.a(rcc.o)
 .ARM.attributes
                0x00000134       0x2c ../libopencm3/lib/libopencm3_stm32l0.a(rcc_common_all.o)
 .ARM.attributes
                0x00000160       0x2c ../libopencm3/lib/libopencm3_stm32l0.a(vector.o)
 .ARM.attributes
                0x0000018c       0x2c ../libopencm3/lib/libopencm3_stm32l0.a(systick.o)
 .ARM.attributes
                0x000001b8       0x1e /Applications/ArmGNUToolchain/14.3.rel1/arm-none-eabi/bin/../lib/gcc/arm-none-eabi/14.3.1/thumb/v6-m/nofp/libgcc.a(_thumb1_case_uqi.o)
 .ARM.attributes
                0x000001d6       0x1e /Applications/ArmGNUToolchain/14.3.rel1/arm-none-eabi/bin/../lib/gcc/arm-none-eabi/14.3.1/thumb/v6-m/nofp/libgcc.a(_udivsi3.o)
 .ARM.attributes
                0x000001f4       0x1e /Applications/ArmGNUToolchain/14.3.rel1/arm-none-eabi/bin/../lib/gcc/arm-none-eabi/14.3.1/thumb/v6-m/nofp/libgcc.a(_dvmd_tls.o)

.debug_frame    0x00000000      0x660
 .debug_frame   0x00000000       0x2c src/firmware_application.o
 .debug_frame   0x0000002c       0x48 ../shared/src/core/system.o
 .debug_frame   0x00000074       0x50 ../libopencm3/lib/libopencm3_stm32l0.a(flash_common_all.o)
 .debug_frame   0x000000c4       0x80 ../libopencm3/lib/libopencm3_stm32l0.a(gpio_common_all.o)
 .debug_frame   0x00000144       0x78 ../libopencm3/lib/libopencm3_stm32l0.a(gpio_common_f0234.o)
 .debug_frame   0x000001bc       0x20 ../libopencm3/lib/libopencm3_stm32l0.a(pwr_common_v2.o)
 .debug_frame   0x000001dc      0x254 ../libopencm3/lib/libopencm3_stm32l0.a(rcc.o)
 .debug_frame   0x00000430       0xf0 ../libopencm3/lib/libopencm3_stm32l0.a(rcc_common_all.o)
 .debug_frame   0x00000520       0x48 ../libopencm3/lib/libopencm3_stm32l0.a(vector.o)
 .debug_frame   0x00000568       0xd8 ../libopencm3/lib/libopencm3_stm32l0.a(systick.o)
 .debug_frame   0x00000640       0x20 /Applications/ArmGNUToolchain/14.3.rel1/arm-none-eabi/bin/../lib/gcc/arm-none-eabi/14.3.1/thumb/v6-m/nofp/libgcc.a(_udivsi3.o)

.debug_line_str
                0x00000000       0xd2
 .debug_line_str
                0x00000000       0xd2 /Applications/ArmGNUToolchain/14.3.rel1/arm-none-eabi/bin/../lib/gcc/arm-none-eabi/14.3.1/thumb/v6-m/nofp/libgcc.a(_thumb1_case_uqi.o)
 .debug_line_str
                0x000000d2       0xd2 /Applications/ArmGNUToolchain/14.3.rel1/arm-none-eabi/bin/../lib/gcc/arm-none-eabi/14.3.1/thumb/v6-m/nofp/libgcc.a(_udivsi3.o)
 .debug_line_str
                0x000000d2       0xd2 /Applications/ArmGNUToolchain/14.3.rel1/arm-none-eabi/bin/../lib/gcc/arm-none-eabi/14.3.1/thumb/v6-m/nofp/libgcc.a(_dvmd_tls.o)

Cross Reference Table

Symbol                                            File
__aeabi_idiv0                                     /Applications/ArmGNUToolchain/14.3.rel1/arm-none-eabi/bin/../lib/gcc/arm-none-eabi/14.3.1/thumb/v6-m/nofp/libgcc.a(_dvmd_tls.o)
                                                  /Applications/ArmGNUToolchain/14.3.rel1/arm-none-eabi/bin/../lib/gcc/arm-none-eabi/14.3.1/thumb/v6-m/nofp/libgcc.a(_udivsi3.o)
__aeabi_ldiv0                                     /Applications/ArmGNUToolchain/14.3.rel1/arm-none-eabi/bin/../lib/gcc/arm-none-eabi/14.3.1/thumb/v6-m/nofp/libgcc.a(_dvmd_tls.o)
__aeabi_uidiv                                     /Applications/ArmGNUToolchain/14.3.rel1/arm-none-eabi/bin/../lib/gcc/arm-none-eabi/14.3.1/thumb/v6-m/nofp/libgcc.a(_udivsi3.o)
                                                  ../libopencm3/lib/libopencm3_stm32l0.a(systick.o)
__aeabi_uidivmod                                  /Applications/ArmGNUToolchain/14.3.rel1/arm-none-eabi/bin/../lib/gcc/arm-none-eabi/14.3.1/thumb/v6-m/nofp/libgcc.a(_udivsi3.o)
__fini_array_end                                  ../libopencm3/lib/libopencm3_stm32l0.a(vector.o)
__fini_array_start                                ../libopencm3/lib/libopencm3_stm32l0.a(vector.o)
__gnu_thumb1_case_uqi                             /Applications/ArmGNUToolchain/14.3.rel1/arm-none-eabi/bin/../lib/gcc/arm-none-eabi/14.3.1/thumb/v6-m/nofp/libgcc.a(_thumb1_case_uqi.o)
                                                  ../libopencm3/lib/libopencm3_stm32l0.a(rcc.o)
__init_array_end                                  ../libopencm3/lib/libopencm3_stm32l0.a(vector.o)
__init_array_start                                ../libopencm3/lib/libopencm3_stm32l0.a(vector.o)
__preinit_array_end                               ../libopencm3/lib/libopencm3_stm32l0.a(vector.o)
__preinit_array_start                             ../libopencm3/lib/libopencm3_stm32l0.a(vector.o)
__udivsi3                                         /Applications/ArmGNUToolchain/14.3.rel1/arm-none-eabi/bin/../lib/gcc/arm-none-eabi/14.3.1/thumb/v6-m/nofp/libgcc.a(_udivsi3.o)
_data                                             ../libopencm3/lib/libopencm3_stm32l0.a(vector.o)
_data_loadaddr                                    ../libopencm3/lib/libopencm3_stm32l0.a(vector.o)
_ebss                                             ../libopencm3/lib/libopencm3_stm32l0.a(vector.o)
_edata                                            ../libopencm3/lib/libopencm3_stm32l0.a(vector.o)
_stack                                            ../libopencm3/lib/libopencm3_stm32l0.a(vector.o)
adc_comp_isr                                      ../libopencm3/lib/libopencm3_stm32l0.a(vector.o)
blocking_handler                                  ../libopencm3/lib/libopencm3_stm32l0.a(vector.o)
cm3_assert_failed                                 ../libopencm3/lib/libopencm3_stm32l0.a(assert.o)
                                                  ../libopencm3/lib/libopencm3_stm32l0.a(rcc.o)
cm3_assert_failed_verbose                         ../libopencm3/lib/libopencm3_stm32l0.a(assert.o)
dma1_channel1_isr                                 ../libopencm3/lib/libopencm3_stm32l0.a(vector.o)
dma1_channel2_3_isr                               ../libopencm3/lib/libopencm3_stm32l0.a(vector.o)
dma1_channel4_5_isr                               ../libopencm3/lib/libopencm3_stm32l0.a(vector.o)
exti0_1_isr                                       ../libopencm3/lib/libopencm3_stm32l0.a(vector.o)
exti2_3_isr                                       ../libopencm3/lib/libopencm3_stm32l0.a(vector.o)
exti4_15_isr                                      ../libopencm3/lib/libopencm3_stm32l0.a(vector.o)
flash_isr                                         ../libopencm3/lib/libopencm3_stm32l0.a(vector.o)
flash_prefetch_disable                            ../libopencm3/lib/libopencm3_stm32l0.a(flash_common_all.o)
flash_prefetch_enable                             ../libopencm3/lib/libopencm3_stm32l0.a(flash_common_all.o)
                                                  ../libopencm3/lib/libopencm3_stm32l0.a(rcc.o)
                                                  ../shared/src/core/system.o
flash_set_ws                                      ../libopencm3/lib/libopencm3_stm32l0.a(flash_common_all.o)
                                                  ../libopencm3/lib/libopencm3_stm32l0.a(rcc.o)
                                                  ../shared/src/core/system.o
flash_unlock_option_bytes                         ../libopencm3/lib/libopencm3_stm32l0.a(flash_common_all.o)
gpio_clear                                        ../libopencm3/lib/libopencm3_stm32l0.a(gpio_common_all.o)
gpio_get                                          ../libopencm3/lib/libopencm3_stm32l0.a(gpio_common_all.o)
gpio_mode_setup                                   ../libopencm3/lib/libopencm3_stm32l0.a(gpio_common_f0234.o)
                                                  src/firmware_application.o
gpio_port_config_lock                             ../libopencm3/lib/libopencm3_stm32l0.a(gpio_common_all.o)
gpio_port_read                                    ../libopencm3/lib/libopencm3_stm32l0.a(gpio_common_all.o)
gpio_port_write                                   ../libopencm3/lib/libopencm3_stm32l0.a(gpio_common_all.o)
gpio_set                                          ../libopencm3/lib/libopencm3_stm32l0.a(gpio_common_all.o)
gpio_set_af                                       ../libopencm3/lib/libopencm3_stm32l0.a(gpio_common_f0234.o)
gpio_set_output_options                           ../libopencm3/lib/libopencm3_stm32l0.a(gpio_common_f0234.o)
gpio_toggle                                       ../libopencm3/lib/libopencm3_stm32l0.a(gpio_common_all.o)
                                                  src/firmware_application.o
hard_fault_handler                                ../libopencm3/lib/libopencm3_stm32l0.a(vector.o)
i2c1_isr                                          ../libopencm3/lib/libopencm3_stm32l0.a(vector.o)
i2c2_isr                                          ../libopencm3/lib/libopencm3_stm32l0.a(vector.o)
i2c3_isr                                          ../libopencm3/lib/libopencm3_stm32l0.a(vector.o)
lcd_isr                                           ../libopencm3/lib/libopencm3_stm32l0.a(vector.o)
lptim1_isr                                        ../libopencm3/lib/libopencm3_stm32l0.a(vector.o)
lpuart1_aes_rng_isr                               ../libopencm3/lib/libopencm3_stm32l0.a(vector.o)
main                                              src/firmware_application.o
                                                  ../libopencm3/lib/libopencm3_stm32l0.a(vector.o)
nmi_handler                                       ../libopencm3/lib/libopencm3_stm32l0.a(vector.o)
null_handler                                      ../libopencm3/lib/libopencm3_stm32l0.a(vector.o)
pend_sv_handler                                   ../libopencm3/lib/libopencm3_stm32l0.a(vector.o)
pll_32mhz_config                                  ../shared/src/core/system.o
pvd_isr                                           ../libopencm3/lib/libopencm3_stm32l0.a(vector.o)
pwr_set_vos_scale                                 ../libopencm3/lib/libopencm3_stm32l0.a(pwr_common_v2.o)
                                                  ../libopencm3/lib/libopencm3_stm32l0.a(rcc.o)
                                                  ../shared/src/core/system.o
rcc_ahb_frequency                                 ../libopencm3/lib/libopencm3_stm32l0.a(rcc.o)
rcc_apb1_frequency                                ../libopencm3/lib/libopencm3_stm32l0.a(rcc.o)
rcc_apb2_frequency                                ../libopencm3/lib/libopencm3_stm32l0.a(rcc.o)
rcc_clock_setup_pll                               ../libopencm3/lib/libopencm3_stm32l0.a(rcc.o)
rcc_get_div_from_hpre                             ../libopencm3/lib/libopencm3_stm32l0.a(rcc_common_all.o)
                                                  ../libopencm3/lib/libopencm3_stm32l0.a(rcc.o)
rcc_get_i2c_clk_freq                              ../libopencm3/lib/libopencm3_stm32l0.a(rcc.o)
rcc_get_spi_clk_freq                              ../libopencm3/lib/libopencm3_stm32l0.a(rcc.o)
rcc_get_timer_clk_freq                            ../libopencm3/lib/libopencm3_stm32l0.a(rcc.o)
rcc_get_usart_clk_freq                            ../libopencm3/lib/libopencm3_stm32l0.a(rcc.o)
rcc_is_osc_ready                                  ../libopencm3/lib/libopencm3_stm32l0.a(rcc.o)
                                                  ../shared/src/core/system.o
rcc_isr                                           ../libopencm3/lib/libopencm3_stm32l0.a(vector.o)
rcc_osc_bypass_disable                            ../libopencm3/lib/libopencm3_stm32l0.a(rcc_common_all.o)
rcc_osc_bypass_enable                             ../libopencm3/lib/libopencm3_stm32l0.a(rcc_common_all.o)
rcc_osc_off                                       ../libopencm3/lib/libopencm3_stm32l0.a(rcc.o)
                                                  ../shared/src/core/system.o
rcc_osc_on                                        ../libopencm3/lib/libopencm3_stm32l0.a(rcc.o)
                                                  ../shared/src/core/system.o
rcc_osc_ready_int_clear                           ../libopencm3/lib/libopencm3_stm32l0.a(rcc.o)
rcc_osc_ready_int_disable                         ../libopencm3/lib/libopencm3_stm32l0.a(rcc.o)
rcc_osc_ready_int_enable                          ../libopencm3/lib/libopencm3_stm32l0.a(rcc.o)
rcc_osc_ready_int_flag                            ../libopencm3/lib/libopencm3_stm32l0.a(rcc.o)
rcc_periph_clock_disable                          ../libopencm3/lib/libopencm3_stm32l0.a(rcc_common_all.o)
rcc_periph_clock_enable                           ../libopencm3/lib/libopencm3_stm32l0.a(rcc_common_all.o)
                                                  ../libopencm3/lib/libopencm3_stm32l0.a(rcc.o)
                                                  ../shared/src/core/system.o
                                                  src/firmware_application.o
rcc_periph_reset_hold                             ../libopencm3/lib/libopencm3_stm32l0.a(rcc_common_all.o)
rcc_periph_reset_pulse                            ../libopencm3/lib/libopencm3_stm32l0.a(rcc_common_all.o)
rcc_periph_reset_release                          ../libopencm3/lib/libopencm3_stm32l0.a(rcc_common_all.o)
rcc_peripheral_clear_reset                        ../libopencm3/lib/libopencm3_stm32l0.a(rcc_common_all.o)
rcc_peripheral_disable_clock                      ../libopencm3/lib/libopencm3_stm32l0.a(rcc_common_all.o)
rcc_peripheral_enable_clock                       ../libopencm3/lib/libopencm3_stm32l0.a(rcc_common_all.o)
rcc_peripheral_reset                              ../libopencm3/lib/libopencm3_stm32l0.a(rcc_common_all.o)
rcc_set_hpre                                      ../libopencm3/lib/libopencm3_stm32l0.a(rcc.o)
                                                  ../shared/src/core/system.o
rcc_set_hsi48_source_pll                          ../libopencm3/lib/libopencm3_stm32l0.a(rcc.o)
rcc_set_hsi48_source_rc48                         ../libopencm3/lib/libopencm3_stm32l0.a(rcc.o)
rcc_set_lptim1_sel                                ../libopencm3/lib/libopencm3_stm32l0.a(rcc.o)
rcc_set_lpuart1_sel                               ../libopencm3/lib/libopencm3_stm32l0.a(rcc.o)
rcc_set_mco                                       ../libopencm3/lib/libopencm3_stm32l0.a(rcc_common_all.o)
rcc_set_msi_range                                 ../libopencm3/lib/libopencm3_stm32l0.a(rcc.o)
rcc_set_peripheral_clk_sel                        ../libopencm3/lib/libopencm3_stm32l0.a(rcc.o)
rcc_set_pll_divider                               ../libopencm3/lib/libopencm3_stm32l0.a(rcc.o)
                                                  ../shared/src/core/system.o
rcc_set_pll_multiplier                            ../libopencm3/lib/libopencm3_stm32l0.a(rcc.o)
                                                  ../shared/src/core/system.o
rcc_set_pll_source                                ../libopencm3/lib/libopencm3_stm32l0.a(rcc.o)
                                                  ../shared/src/core/system.o
rcc_set_ppre1                                     ../libopencm3/lib/libopencm3_stm32l0.a(rcc.o)
                                                  ../shared/src/core/system.o
rcc_set_ppre2                                     ../libopencm3/lib/libopencm3_stm32l0.a(rcc.o)
                                                  ../shared/src/core/system.o
rcc_set_sysclk_source                             ../libopencm3/lib/libopencm3_stm32l0.a(rcc.o)
                                                  ../shared/src/core/system.o
rcc_set_usart1_sel                                ../libopencm3/lib/libopencm3_stm32l0.a(rcc.o)
rcc_set_usart2_sel                                ../libopencm3/lib/libopencm3_stm32l0.a(rcc.o)
rcc_wait_for_osc_ready                            ../libopencm3/lib/libopencm3_stm32l0.a(rcc.o)
                                                  ../shared/src/core/system.o
reserved4_isr                                     ../libopencm3/lib/libopencm3_stm32l0.a(vector.o)
reset_handler                                     ../libopencm3/lib/libopencm3_stm32l0.a(vector.o)
rtc_isr                                           ../libopencm3/lib/libopencm3_stm32l0.a(vector.o)
spi1_isr                                          ../libopencm3/lib/libopencm3_stm32l0.a(vector.o)
spi2_isr                                          ../libopencm3/lib/libopencm3_stm32l0.a(vector.o)
sv_call_handler                                   ../libopencm3/lib/libopencm3_stm32l0.a(vector.o)
sys_tick_handler                                  ../shared/src/core/system.o
system_get_ticks                                  ../shared/src/core/system.o
                                                  src/firmware_application.o
system_setup                                      ../shared/src/core/system.o
                                                  src/firmware_application.o
systick_clear                                     ../libopencm3/lib/libopencm3_stm32l0.a(systick.o)
systick_counter_disable                           ../libopencm3/lib/libopencm3_stm32l0.a(systick.o)
systick_counter_enable                            ../libopencm3/lib/libopencm3_stm32l0.a(systick.o)
                                                  ../shared/src/core/system.o
systick_get_calib                                 ../libopencm3/lib/libopencm3_stm32l0.a(systick.o)
systick_get_countflag                             ../libopencm3/lib/libopencm3_stm32l0.a(systick.o)
systick_get_reload                                ../libopencm3/lib/libopencm3_stm32l0.a(systick.o)
systick_get_value                                 ../libopencm3/lib/libopencm3_stm32l0.a(systick.o)
systick_interrupt_disable                         ../libopencm3/lib/libopencm3_stm32l0.a(systick.o)
systick_interrupt_enable                          ../libopencm3/lib/libopencm3_stm32l0.a(systick.o)
                                                  ../shared/src/core/system.o
systick_set_clocksource                           ../libopencm3/lib/libopencm3_stm32l0.a(systick.o)
systick_set_frequency                             ../libopencm3/lib/libopencm3_stm32l0.a(systick.o)
                                                  ../shared/src/core/system.o
systick_set_reload                                ../libopencm3/lib/libopencm3_stm32l0.a(systick.o)
tim21_isr                                         ../libopencm3/lib/libopencm3_stm32l0.a(vector.o)
tim22_isr                                         ../libopencm3/lib/libopencm3_stm32l0.a(vector.o)
tim2_isr                                          ../libopencm3/lib/libopencm3_stm32l0.a(vector.o)
tim3_isr                                          ../libopencm3/lib/libopencm3_stm32l0.a(vector.o)
tim6_dac_isr                                      ../libopencm3/lib/libopencm3_stm32l0.a(vector.o)
tim7_isr                                          ../libopencm3/lib/libopencm3_stm32l0.a(vector.o)
tsc_isr                                           ../libopencm3/lib/libopencm3_stm32l0.a(vector.o)
usart1_isr                                        ../libopencm3/lib/libopencm3_stm32l0.a(vector.o)
usart2_isr                                        ../libopencm3/lib/libopencm3_stm32l0.a(vector.o)
usart4_5_isr                                      ../libopencm3/lib/libopencm3_stm32l0.a(vector.o)
usb_isr                                           ../libopencm3/lib/libopencm3_stm32l0.a(vector.o)
vector_table                                      ../libopencm3/lib/libopencm3_stm32l0.a(vector.o)
wwdg_isr                                          ../libopencm3/lib/libopencm3_stm32l0.a(vector.o)
